Nov  2 18:48:31.439588 xenmgr: starting VM 698d06e8-9c84-4420-88c9-0a1df315fea6
Nov  2 18:48:31.440992 xenmgr: active vms, state = "shutdown"
Nov  2 18:48:31.453054 surfman: Info: Received dbus message method_call:vgpu_mode
Nov  2 18:48:31.500176 xenconsoled: Network (1): network-slave: Add entry if missing - 32 rt-wlan0
Nov  2 18:48:31.501272 xenconsoled: Network (1): network-slave: lookup tables from ip rule show []
Nov  2 18:48:31.520293 xenmgr: gathered config for VM 698d06e8-9c84-4420-88c9-0a1df315fea6
Nov  2 18:48:31.523189 xenmgr: active vms, state = "shutdown"
Nov  2 18:48:31.523475 xenmgr: done checks for VM 698d06e8-9c84-4420-88c9-0a1df315fea6
Nov  2 18:48:31.556120 xenmgr: written xl config for 698d06e8-9c84-4420-88c9-0a1df315fea6
Nov  2 18:48:31.560845 xenmgr: waitForState: i_state: shutdown state: creating-devices
Nov  2 18:48:31.560913 xenmgr: Wait for vm 698d06e8-9c84-4420-88c9-0a1df315fea6 state to become creating-devices
Nov  2 18:48:31.561279 xenmgr: active vms, state = "shutdown"
Nov  2 18:48:31.570942 xenmgr: vm state change 698d06e8-9c84-4420-88c9-0a1df315fea6: creating-devices
Nov  2 18:48:31.571342 xl: libxl_dom.c:242:hvm_set_viridian_features: base group enabled
Nov  2 18:48:31.571350 xl: libxl_dom.c:242:hvm_set_viridian_features: freq group enabled
Nov  2 18:48:31.571357 xl: libxl_dom.c:242:hvm_set_viridian_features: time_ref_count group enabled
Nov  2 18:48:31.571363 xl: libxl_dom.c:242:hvm_set_viridian_features: apic_assist group enabled
Nov  2 18:48:31.571369 xl: libxl_dom.c:242:hvm_set_viridian_features: crash_ctl group enabled
Nov  2 18:48:31.571522 xenmgr: active vms, state = "creating-devices"
Nov  2 18:48:31.572076 xenmgr: active vms, state = "creating-devices"
Nov  2 18:48:31.581990 xenmgr: active vms, state = "creating-devices"
Nov  2 18:48:31.600899 xenconsoled: hypervisor: (XEN) HVM5 save: CPU
Nov  2 18:48:31.600909 xenconsoled: hypervisor: (XEN) HVM5 save: PIC
Nov  2 18:48:31.600913 xenconsoled: hypervisor: (XEN) HVM5 save: IOAPIC
Nov  2 18:48:31.600917 xenconsoled: hypervisor: (XEN) HVM5 save: LAPIC
Nov  2 18:48:31.600920 xenconsoled: hypervisor: (XEN) HVM5 save: LAPIC_REGS
Nov  2 18:48:31.600924 xenconsoled: hypervisor: (XEN) HVM5 save: PCI_IRQ
Nov  2 18:48:31.600928 xenconsoled: hypervisor: (XEN) HVM5 save: ISA_IRQ
Nov  2 18:48:31.600931 xenconsoled: hypervisor: (XEN) HVM5 save: PCI_LINK
Nov  2 18:48:31.600935 xenconsoled: hypervisor: (XEN) HVM5 save: PIT
Nov  2 18:48:31.600939 xenconsoled: hypervisor: (XEN) HVM5 save: RTC
Nov  2 18:48:31.600942 xenconsoled: hypervisor: (XEN) HVM5 save: HPET
Nov  2 18:48:31.600946 xenconsoled: hypervisor: (XEN) HVM5 save: PMTIMER
Nov  2 18:48:31.601000 xenconsoled: hypervisor: (XEN) HVM5 save: MTRR
Nov  2 18:48:31.601011 xenconsoled: hypervisor: (XEN) HVM5 save: VIRIDIAN_DOMAIN
Nov  2 18:48:31.601016 xenconsoled: hypervisor: (XEN) HVM5 save: CPU_XSAVE
Nov  2 18:48:31.601022 xenconsoled: hypervisor: (XEN) HVM5 save: VIRIDIAN_VCPU
Nov  2 18:48:31.601028 xenconsoled: hypervisor: (XEN) HVM5 save: VMCE_VCPU
Nov  2 18:48:31.601036 xenconsoled: hypervisor: (XEN) HVM5 save: TSC_ADJUST
Nov  2 18:48:31.601125 xenconsoled: hypervisor: (XEN) HVM5 restore: CPU 0
Nov  2 18:48:31.605125 tapdisk2[1114]: received 'pid' message (uuid = 0)
Nov  2 18:48:31.605135 tapdisk2[1114]: sending 'pid response' message (uuid = 0)
Nov  2 18:48:31.605231 tapdisk2[1119]: received 'pid' message (uuid = 0)
Nov  2 18:48:31.605241 tapdisk2[1119]: sending 'pid response' message (uuid = 0)
Nov  2 18:48:31.605345 tapdisk2[1292]: received 'pid' message (uuid = 0)
Nov  2 18:48:31.605355 tapdisk2[1292]: sending 'pid response' message (uuid = 0)
Nov  2 18:48:31.605426 tapdisk2[1300]: received 'pid' message (uuid = 0)
Nov  2 18:48:31.605435 tapdisk2[1300]: sending 'pid response' message (uuid = 0)
Nov  2 18:48:31.605514 tapdisk2[1315]: received 'pid' message (uuid = 0)
Nov  2 18:48:31.605522 tapdisk2[1315]: sending 'pid response' message (uuid = 0)
Nov  2 18:48:31.605589 tapdisk2[1114]: received 'list' message (uuid = 65535)
Nov  2 18:48:31.605598 tapdisk2[1114]: sending 'list response' message (uuid = 65535)
Nov  2 18:48:31.605609 tapdisk2[1114]: sending 'list response' message (uuid = 65535)
Nov  2 18:48:31.605673 tapdisk2[1119]: received 'list' message (uuid = 65535)
Nov  2 18:48:31.605681 tapdisk2[1119]: sending 'list response' message (uuid = 65535)
Nov  2 18:48:31.605688 tapdisk2[1119]: sending 'list response' message (uuid = 65535)
Nov  2 18:48:31.605761 tapdisk2[1292]: received 'list' message (uuid = 65535)
Nov  2 18:48:31.605770 tapdisk2[1292]: sending 'list response' message (uuid = 65535)
Nov  2 18:48:31.605780 tapdisk2[1292]: sending 'list response' message (uuid = 65535)
Nov  2 18:48:31.605834 tapdisk2[1300]: received 'list' message (uuid = 65535)
Nov  2 18:48:31.605842 tapdisk2[1300]: sending 'list response' message (uuid = 65535)
Nov  2 18:48:31.605852 tapdisk2[1300]: sending 'list response' message (uuid = 65535)
Nov  2 18:48:31.605896 tapdisk2[1315]: received 'list' message (uuid = 65535)
Nov  2 18:48:31.605904 tapdisk2[1315]: sending 'list response' message (uuid = 65535)
Nov  2 18:48:31.605915 tapdisk2[1315]: sending 'list response' message (uuid = 65535)
Nov  2 18:48:31.610131 tapdisk2[3896]: I/O queue driver: lio
Nov  2 18:48:31.611313 tapdisk2[3896]: received 'attach' message (uuid = 5)
Nov  2 18:48:31.611457 tapdisk2[3896]: sending 'attach response' message (uuid = 5)
Nov  2 18:48:31.611579 tapdisk2[3896]: received 'open' message (uuid = 5)
Nov  2 18:48:31.611595 tapdisk2[3896]: block-aio open('/storage/isos/xc-tools.iso')
Nov  2 18:48:31.611619 tapdisk2[3896]: open(/storage/isos/xc-tools.iso) with O_DIRECT
Nov  2 18:48:31.611630 tapdisk2[3896]: Image size: #012#011pre sector_shift  [9119744]#012#011post sector_shift [17812]
Nov  2 18:48:31.611636 tapdisk2[3896]: opened image /storage/isos/xc-tools.iso (1 users, state: 0x00000001, type: 0)
Nov  2 18:48:31.611641 tapdisk2[3896]: VBD CHAIN:
Nov  2 18:48:31.611647 tapdisk2[3896]: /storage/isos/xc-tools.iso: 0
Nov  2 18:48:31.611896 tapdisk2[3896]: sending 'open response' message (uuid = 5)
Nov  2 18:48:31.617054 kernel:[  461.561429] block tdf: sector-size: 512/512+0 capacity: 17812 discard: 0+0 flush: 0x112a00
Nov  2 18:48:31.617817 tapdisk2[1114]: received 'pid' message (uuid = 0)
Nov  2 18:48:31.617826 tapdisk2[1114]: sending 'pid response' message (uuid = 0)
Nov  2 18:48:31.617901 tapdisk2[1119]: received 'pid' message (uuid = 0)
Nov  2 18:48:31.617910 tapdisk2[1119]: sending 'pid response' message (uuid = 0)
Nov  2 18:48:31.617987 tapdisk2[1292]: received 'pid' message (uuid = 0)
Nov  2 18:48:31.617999 tapdisk2[1292]: sending 'pid response' message (uuid = 0)
Nov  2 18:48:31.618067 tapdisk2[1300]: received 'pid' message (uuid = 0)
Nov  2 18:48:31.618077 tapdisk2[1300]: sending 'pid response' message (uuid = 0)
Nov  2 18:48:31.618156 tapdisk2[1315]: received 'pid' message (uuid = 0)
Nov  2 18:48:31.618164 tapdisk2[1315]: sending 'pid response' message (uuid = 0)
Nov  2 18:48:31.618228 tapdisk2[3896]: received 'pid' message (uuid = 0)
Nov  2 18:48:31.618236 tapdisk2[3896]: sending 'pid response' message (uuid = 0)
Nov  2 18:48:31.618293 tapdisk2[1114]: received 'list' message (uuid = 65535)
Nov  2 18:48:31.618301 tapdisk2[1114]: sending 'list response' message (uuid = 65535)
Nov  2 18:48:31.618311 tapdisk2[1114]: sending 'list response' message (uuid = 65535)
Nov  2 18:48:31.618369 tapdisk2[1119]: received 'list' message (uuid = 65535)
Nov  2 18:48:31.618377 tapdisk2[1119]: sending 'list response' message (uuid = 65535)
Nov  2 18:48:31.618389 tapdisk2[1119]: sending 'list response' message (uuid = 65535)
Nov  2 18:48:31.618467 tapdisk2[1292]: received 'list' message (uuid = 65535)
Nov  2 18:48:31.618480 tapdisk2[1292]: sending 'list response' message (uuid = 65535)
Nov  2 18:48:31.618494 tapdisk2[1292]: sending 'list response' message (uuid = 65535)
Nov  2 18:48:31.618562 tapdisk2[1300]: received 'list' message (uuid = 65535)
Nov  2 18:48:31.618572 tapdisk2[1300]: sending 'list response' message (uuid = 65535)
Nov  2 18:48:31.618586 tapdisk2[1300]: sending 'list response' message (uuid = 65535)
Nov  2 18:48:31.618649 tapdisk2[1315]: received 'list' message (uuid = 65535)
Nov  2 18:48:31.618659 tapdisk2[1315]: sending 'list response' message (uuid = 65535)
Nov  2 18:48:31.618670 tapdisk2[1315]: sending 'list response' message (uuid = 65535)
Nov  2 18:48:31.618736 tapdisk2[3896]: received 'list' message (uuid = 65535)
Nov  2 18:48:31.618745 tapdisk2[3896]: sending 'list response' message (uuid = 65535)
Nov  2 18:48:31.618754 tapdisk2[3896]: sending 'list response' message (uuid = 65535)
Nov  2 18:48:31.623016 tapdisk2[3902]: I/O queue driver: lio
Nov  2 18:48:31.624241 tapdisk2[3902]: received 'attach' message (uuid = 6)
Nov  2 18:48:31.624370 tapdisk2[3902]: sending 'attach response' message (uuid = 6)
Nov  2 18:48:31.624462 tapdisk2[3902]: received 'open' message (uuid = 6)
Nov  2 18:48:31.628283 tapdisk2[3902]: /storage/disks/c7448217-7e97-4995-91d1-8cfe128ca702.vhd version: tap 0x00010003, b: 40000, a: 5309, f: 5190, n: 21788456
Nov  2 18:48:31.628373 tapdisk2[3902]: opened image /storage/disks/c7448217-7e97-4995-91d1-8cfe128ca702.vhd (1 users, state: 0x00000001, type: 4)
Nov  2 18:48:31.628381 tapdisk2[3902]: VBD CHAIN:
Nov  2 18:48:31.628385 tapdisk2[3902]: /storage/disks/c7448217-7e97-4995-91d1-8cfe128ca702.vhd: 4
Nov  2 18:48:31.628601 tapdisk2[3902]: sending 'open response' message (uuid = 6)
Nov  2 18:48:31.629669 kernel:[  461.578112] block tdg: sector-size: 512/512+0 capacity: 163840000 discard: 0+0 flush: 0x112a00
Nov  2 18:48:31.667552 kernel:[  461.616096] vbd vbd-5-1: -1 reading physical-device
Nov  2 18:48:31.671378 kernel:[  461.620108] vbd vbd-5-1: -1 reading physical-device
Nov  2 18:48:31.678287 tapdisk2[1114]: received 'pid' message (uuid = 0)
Nov  2 18:48:31.678299 tapdisk2[1114]: sending 'pid response' message (uuid = 0)
Nov  2 18:48:31.678390 tapdisk2[1119]: received 'pid' message (uuid = 0)
Nov  2 18:48:31.678401 tapdisk2[1119]: sending 'pid response' message (uuid = 0)
Nov  2 18:48:31.678490 tapdisk2[1292]: received 'pid' message (uuid = 0)
Nov  2 18:48:31.678500 tapdisk2[1292]: sending 'pid response' message (uuid = 0)
Nov  2 18:48:31.678576 tapdisk2[1300]: received 'pid' message (uuid = 0)
Nov  2 18:48:31.678586 tapdisk2[1300]: sending 'pid response' message (uuid = 0)
Nov  2 18:48:31.678652 tapdisk2[1315]: received 'pid' message (uuid = 0)
Nov  2 18:48:31.678660 tapdisk2[1315]: sending 'pid response' message (uuid = 0)
Nov  2 18:48:31.678728 tapdisk2[3896]: received 'pid' message (uuid = 0)
Nov  2 18:48:31.678737 tapdisk2[3896]: sending 'pid response' message (uuid = 0)
Nov  2 18:48:31.678809 tapdisk2[3902]: received 'pid' message (uuid = 0)
Nov  2 18:48:31.678817 tapdisk2[3902]: sending 'pid response' message (uuid = 0)
Nov  2 18:48:31.678888 tapdisk2[1114]: received 'list' message (uuid = 65535)
Nov  2 18:48:31.678900 tapdisk2[1114]: sending 'list response' message (uuid = 65535)
Nov  2 18:48:31.678911 tapdisk2[1114]: sending 'list response' message (uuid = 65535)
Nov  2 18:48:31.678994 tapdisk2[1119]: received 'list' message (uuid = 65535)
Nov  2 18:48:31.679005 tapdisk2[1119]: sending 'list response' message (uuid = 65535)
Nov  2 18:48:31.679017 tapdisk2[1119]: sending 'list response' message (uuid = 65535)
Nov  2 18:48:31.679100 tapdisk2[1292]: received 'list' message (uuid = 65535)
Nov  2 18:48:31.679109 tapdisk2[1292]: sending 'list response' message (uuid = 65535)
Nov  2 18:48:31.679117 tapdisk2[1292]: sending 'list response' message (uuid = 65535)
Nov  2 18:48:31.679189 tapdisk2[1300]: received 'list' message (uuid = 65535)
Nov  2 18:48:31.679199 tapdisk2[1300]: sending 'list response' message (uuid = 65535)
Nov  2 18:48:31.679213 tapdisk2[1300]: sending 'list response' message (uuid = 65535)
Nov  2 18:48:31.679266 tapdisk2[1315]: received 'list' message (uuid = 65535)
Nov  2 18:48:31.679274 tapdisk2[1315]: sending 'list response' message (uuid = 65535)
Nov  2 18:48:31.679286 tapdisk2[1315]: sending 'list response' message (uuid = 65535)
Nov  2 18:48:31.679338 tapdisk2[3896]: received 'list' message (uuid = 65535)
Nov  2 18:48:31.679348 tapdisk2[3896]: sending 'list response' message (uuid = 65535)
Nov  2 18:48:31.679361 tapdisk2[3896]: sending 'list response' message (uuid = 65535)
Nov  2 18:48:31.679413 tapdisk2[3902]: received 'list' message (uuid = 65535)
Nov  2 18:48:31.679422 tapdisk2[3902]: sending 'list response' message (uuid = 65535)
Nov  2 18:48:31.679433 tapdisk2[3902]: sending 'list response' message (uuid = 65535)
Nov  2 18:48:31.686804 xenmgr: applying v4v firewall rules due to 698d06e8-9c84-4420-88c9-0a1df315fea6
Nov  2 18:48:31.687204 xenmgr: active vms, state = "running"
Nov  2 18:48:31.687269 xenmgr: active vms, state = "running"
Nov  2 18:48:31.687337 xenmgr: active vms, state = "creating-devices"
Nov  2 18:48:31.694463 xenmgr: firewall rule delta vms:
Nov  2 18:48:31.694525 xenmgr: BEFORE: [ActiveVm {vmDomID = 1, vmStubdomID = Nothing, vmUuid = 00000000-0000-0000-0000-000000000002, vmMatchType = "ndvm", vmMatchName = "Network"},ActiveVm {vmDomID = 2, vmStubdomID = Nothing, vmUuid = 00000000-0000-0000-0000-000000000001, vmMatchType = "uivm", vmMatchName = "uivm"}]
Nov  2 18:48:31.694541 xenmgr: NOW: [ActiveVm {vmDomID = 1, vmStubdomID = Nothing, vmUuid = 00000000-0000-0000-0000-000000000002, vmMatchType = "ndvm", vmMatchName = "Network"},ActiveVm {vmDomID = 2, vmStubdomID = Nothing, vmUuid = 00000000-0000-0000-0000-000000000001, vmMatchType = "uivm", vmMatchName = "uivm"}]
Nov  2 18:48:31.706826 xenmgr: +v4v-rule viptables -I 1 --dom-in 6 --dom-out 0 --port-out 4001 -j ACCEPT
Nov  2 18:48:31.710562 xenconsoled: hypervisor: (XEN) VIPTables: ACCEPT 6:* -> 0:4001
Nov  2 18:48:31.710752 xenmgr: +v4v-rule viptables -I 1 --dom-in 6 --dom-out 0 --port-out 4002 -j ACCEPT
Nov  2 18:48:31.714333 xenconsoled: hypervisor: (XEN) VIPTables: ACCEPT 6:* -> 0:4002
Nov  2 18:48:31.714527 xenmgr: +v4v-rule viptables -I 1 --dom-in 6 --dom-out 0 --port-out 5000 -j ACCEPT
Nov  2 18:48:31.718009 xenconsoled: hypervisor: (XEN) VIPTables: ACCEPT 6:* -> 0:5000
Nov  2 18:48:31.718247 xenmgr: +v4v-rule viptables -I 1 --dom-in 6 --dom-out 0 --port-out 5001 -j ACCEPT
Nov  2 18:48:31.721772 xenconsoled: hypervisor: (XEN) VIPTables: ACCEPT 6:* -> 0:5001
Nov  2 18:48:31.721942 xenmgr: +v4v-rule viptables -I 1 --dom-in 6 --dom-out 0 --port-out 5100 -j ACCEPT
Nov  2 18:48:31.725468 xenconsoled: hypervisor: (XEN) VIPTables: ACCEPT 6:* -> 0:5100
Nov  2 18:48:31.725559 xenmgr: +v4v-rule viptables -I 1 --dom-in 0 --dom-out 6 --port-in 4001 -j ACCEPT
Nov  2 18:48:31.729055 xenconsoled: hypervisor: (XEN) VIPTables: ACCEPT 0:4001 -> 6:*
Nov  2 18:48:31.729264 xenmgr: +v4v-rule viptables -I 1 --dom-in 0 --dom-out 6 --port-in 4002 -j ACCEPT
Nov  2 18:48:31.732885 xenconsoled: hypervisor: (XEN) VIPTables: ACCEPT 0:4002 -> 6:*
Nov  2 18:48:31.733130 xenmgr: +v4v-rule viptables -I 1 --dom-in 0 --dom-out 6 --port-in 5000 -j ACCEPT
Nov  2 18:48:31.736674 xenconsoled: hypervisor: (XEN) VIPTables: ACCEPT 0:5000 -> 6:*
Nov  2 18:48:31.736866 xenmgr: +v4v-rule viptables -I 1 --dom-in 0 --dom-out 6 --port-in 5001 -j ACCEPT
Nov  2 18:48:31.740428 xenconsoled: hypervisor: (XEN) VIPTables: ACCEPT 0:5001 -> 6:*
Nov  2 18:48:31.740598 xenmgr: +v4v-rule viptables -I 1 --dom-in 0 --dom-out 6 --port-in 5100 -j ACCEPT
Nov  2 18:48:31.744080 xenconsoled: hypervisor: (XEN) VIPTables: ACCEPT 0:5100 -> 6:*
Nov  2 18:48:31.749363 xenmgr: waitForState: i_state: creating-devices state: created
Nov  2 18:48:31.749380 xenmgr: Wait for vm 698d06e8-9c84-4420-88c9-0a1df315fea6 state to become created
Nov  2 18:48:32.692031 qmp_helper: qmp-helper [/home/build/1221/openxt/build/tmp-glibc/work/core2-32-oe-linux/qmp-helper/0+gitAUTOINC+b695a5af21-r0/git/qmp_helper/src/qmp_helper.c:main:279] (stubdom-0) starting /usr/lib/xen/bin/qmp_helper
Nov  2 18:48:32.692156 qmp_helper: qmp-helper [/home/build/1221/openxt/build/tmp-glibc/work/core2-32-oe-linux/qmp-helper/0+gitAUTOINC+b695a5af21-r0/git/qmp_helper/src/qmp_helper.c:main:310] (stubdom-6) v4v ready, wait for a connection...
Nov  2 18:48:32.692228 qmp_helper: qmp-helper [/home/build/1221/openxt/build/tmp-glibc/work/core2-32-oe-linux/qmp-helper/0+gitAUTOINC+b695a5af21-r0/git/qmp_helper/src/qmp_helper.c:qmph_accept_unix_socket:195] (stubdom-6) Waiting for connection on unix socket
Nov  2 18:48:32.693142 atapi_pt_helper: [/home/build/1221/openxt/build/tmp-glibc/work/core2-32-oe-linux/atapi-pt-helper/0+gitAUTOINC+b695a5af21-r0/git/atapi_pt_helper/src/atapi_pt_helper.c:main:653] (stubdom-0) starting /usr/lib/xen/bin/atapi_pt_helper
Nov  2 18:48:32.854686 tapdisk2[1114]: received 'pid' message (uuid = 0)
Nov  2 18:48:32.854696 tapdisk2[1114]: sending 'pid response' message (uuid = 0)
Nov  2 18:48:32.854760 tapdisk2[1119]: received 'pid' message (uuid = 0)
Nov  2 18:48:32.854769 tapdisk2[1119]: sending 'pid response' message (uuid = 0)
Nov  2 18:48:32.854828 tapdisk2[1292]: received 'pid' message (uuid = 0)
Nov  2 18:48:32.854838 tapdisk2[1292]: sending 'pid response' message (uuid = 0)
Nov  2 18:48:32.854902 tapdisk2[1300]: received 'pid' message (uuid = 0)
Nov  2 18:48:32.854910 tapdisk2[1300]: sending 'pid response' message (uuid = 0)
Nov  2 18:48:32.854977 tapdisk2[1315]: received 'pid' message (uuid = 0)
Nov  2 18:48:32.854985 tapdisk2[1315]: sending 'pid response' message (uuid = 0)
Nov  2 18:48:32.855053 tapdisk2[3896]: received 'pid' message (uuid = 0)
Nov  2 18:48:32.855060 tapdisk2[3896]: sending 'pid response' message (uuid = 0)
Nov  2 18:48:32.855127 tapdisk2[3902]: received 'pid' message (uuid = 0)
Nov  2 18:48:32.855135 tapdisk2[3902]: sending 'pid response' message (uuid = 0)
Nov  2 18:48:32.855198 tapdisk2[1114]: received 'list' message (uuid = 65535)
Nov  2 18:48:32.855207 tapdisk2[1114]: sending 'list response' message (uuid = 65535)
Nov  2 18:48:32.855218 tapdisk2[1114]: sending 'list response' message (uuid = 65535)
Nov  2 18:48:32.855278 tapdisk2[1119]: received 'list' message (uuid = 65535)
Nov  2 18:48:32.855287 tapdisk2[1119]: sending 'list response' message (uuid = 65535)
Nov  2 18:48:32.855297 tapdisk2[1119]: sending 'list response' message (uuid = 65535)
Nov  2 18:48:32.855350 tapdisk2[1292]: received 'list' message (uuid = 65535)
Nov  2 18:48:32.855358 tapdisk2[1292]: sending 'list response' message (uuid = 65535)
Nov  2 18:48:32.855368 tapdisk2[1292]: sending 'list response' message (uuid = 65535)
Nov  2 18:48:32.855417 tapdisk2[1300]: received 'list' message (uuid = 65535)
Nov  2 18:48:32.855425 tapdisk2[1300]: sending 'list response' message (uuid = 65535)
Nov  2 18:48:32.855435 tapdisk2[1300]: sending 'list response' message (uuid = 65535)
Nov  2 18:48:32.855490 tapdisk2[1315]: received 'list' message (uuid = 65535)
Nov  2 18:48:32.855498 tapdisk2[1315]: sending 'list response' message (uuid = 65535)
Nov  2 18:48:32.855508 tapdisk2[1315]: sending 'list response' message (uuid = 65535)
Nov  2 18:48:32.855558 tapdisk2[3896]: received 'list' message (uuid = 65535)
Nov  2 18:48:32.855566 tapdisk2[3896]: sending 'list response' message (uuid = 65535)
Nov  2 18:48:32.855575 tapdisk2[3896]: sending 'list response' message (uuid = 65535)
Nov  2 18:48:32.855629 tapdisk2[3902]: received 'list' message (uuid = 65535)
Nov  2 18:48:32.855637 tapdisk2[3902]: sending 'list response' message (uuid = 65535)
Nov  2 18:48:32.855647 tapdisk2[3902]: sending 'list response' message (uuid = 65535)
Nov  2 18:48:32.860280 tapdisk2[1114]: received 'pid' message (uuid = 0)
Nov  2 18:48:32.860289 tapdisk2[1114]: sending 'pid response' message (uuid = 0)
Nov  2 18:48:32.860443 tapdisk2[1119]: received 'pid' message (uuid = 0)
Nov  2 18:48:32.860481 tapdisk2[1119]: sending 'pid response' message (uuid = 0)
Nov  2 18:48:32.860649 tapdisk2[1292]: received 'pid' message (uuid = 0)
Nov  2 18:48:32.860656 tapdisk2[1292]: sending 'pid response' message (uuid = 0)
Nov  2 18:48:32.860756 tapdisk2[1300]: received 'pid' message (uuid = 0)
Nov  2 18:48:32.860766 tapdisk2[1300]: sending 'pid response' message (uuid = 0)
Nov  2 18:48:32.860845 tapdisk2[1315]: received 'pid' message (uuid = 0)
Nov  2 18:48:32.860853 tapdisk2[1315]: sending 'pid response' message (uuid = 0)
Nov  2 18:48:32.860922 tapdisk2[3896]: received 'pid' message (uuid = 0)
Nov  2 18:48:32.860929 tapdisk2[3896]: sending 'pid response' message (uuid = 0)
Nov  2 18:48:32.861001 tapdisk2[3902]: received 'pid' message (uuid = 0)
Nov  2 18:48:32.861009 tapdisk2[3902]: sending 'pid response' message (uuid = 0)
Nov  2 18:48:32.861091 tapdisk2[1114]: received 'list' message (uuid = 65535)
Nov  2 18:48:32.861099 tapdisk2[1114]: sending 'list response' message (uuid = 65535)
Nov  2 18:48:32.861109 tapdisk2[1114]: sending 'list response' message (uuid = 65535)
Nov  2 18:48:32.861191 tapdisk2[1119]: received 'list' message (uuid = 65535)
Nov  2 18:48:32.861198 tapdisk2[1119]: sending 'list response' message (uuid = 65535)
Nov  2 18:48:32.861206 tapdisk2[1119]: sending 'list response' message (uuid = 65535)
Nov  2 18:48:32.861281 tapdisk2[1292]: received 'list' message (uuid = 65535)
Nov  2 18:48:32.861289 tapdisk2[1292]: sending 'list response' message (uuid = 65535)
Nov  2 18:48:32.861297 tapdisk2[1292]: sending 'list response' message (uuid = 65535)
Nov  2 18:48:32.861363 tapdisk2[1300]: received 'list' message (uuid = 65535)
Nov  2 18:48:32.861371 tapdisk2[1300]: sending 'list response' message (uuid = 65535)
Nov  2 18:48:32.861381 tapdisk2[1300]: sending 'list response' message (uuid = 65535)
Nov  2 18:48:32.861445 tapdisk2[1315]: received 'list' message (uuid = 65535)
Nov  2 18:48:32.861453 tapdisk2[1315]: sending 'list response' message (uuid = 65535)
Nov  2 18:48:32.861461 tapdisk2[1315]: sending 'list response' message (uuid = 65535)
Nov  2 18:48:32.861527 tapdisk2[3896]: received 'list' message (uuid = 65535)
Nov  2 18:48:32.861535 tapdisk2[3896]: sending 'list response' message (uuid = 65535)
Nov  2 18:48:32.861544 tapdisk2[3896]: sending 'list response' message (uuid = 65535)
Nov  2 18:48:32.861608 tapdisk2[3902]: received 'list' message (uuid = 65535)
Nov  2 18:48:32.861616 tapdisk2[3902]: sending 'list response' message (uuid = 65535)
Nov  2 18:48:32.861624 tapdisk2[3902]: sending 'list response' message (uuid = 65535)
Nov  2 18:48:32.914318 xenconsoled: hypervisor: (d6) mapping kernel into physical memory
Nov  2 18:48:32.914411 xenconsoled: hypervisor: (d6) about to get started...
Nov  2 18:48:32.982003 xenconsoled: Network (1): root: network-slave udev add vif6.0 notify
Nov  2 18:48:32.984296 xenconsoled: Network (1): root: network-slave udev add vif6.1 notify
Nov  2 18:48:32.986394 xenconsoled: Network (1): root: network-slave udev add vif6.1 notify
Nov  2 18:48:32.988507 xenconsoled: Network (1): root: network-slave udev add vif6.0 notify
Nov  2 18:48:33.003377 xenconsoled: Network (1): network-slave: Received a udev notify for vif6.0, exists : True 
Nov  2 18:48:33.003385 xenconsoled: Network (1): network-slave: Notify network daemon of a new backend vif vif6.0
Nov  2 18:48:33.003389 xenconsoled: Network (1): network-slave: backendVifNotify vif6.0 6 0
Nov  2 18:48:33.005561 xenconsoled: Network (1): network-slave: Received a udev notify for vif6.1, exists : True 
Nov  2 18:48:33.005570 xenconsoled: Network (1): network-slave: Notify network daemon of a new backend vif vif6.1
Nov  2 18:48:33.005574 xenconsoled: Network (1): network-slave: backendVifNotify vif6.1 6 1
Nov  2 18:48:33.010112 xenconsoled: Network (1): network-slave: Received a udev notify for vif6.1, exists : True 
Nov  2 18:48:33.010120 xenconsoled: Network (1): network-slave: Notify network daemon of a new backend vif vif6.1
Nov  2 18:48:33.010124 xenconsoled: Network (1): network-slave: backendVifNotify vif6.1 6 1
Nov  2 18:48:33.012819 xenconsoled: Network (1): NetworkManager: <info> Ignoring interface vif6.1
Nov  2 18:48:33.012829 xenconsoled: Network (1): NetworkManager: <info> Ignoring interface vif6.0
Nov  2 18:48:33.018551 xenconsoled: Network (1): network-slave: Received a udev notify for vif6.0, exists : True 
Nov  2 18:48:33.018560 xenconsoled: Network (1): network-slave: Notify network daemon of a new backend vif vif6.0
Nov  2 18:48:33.018564 xenconsoled: Network (1): network-slave: backendVifNotify vif6.0 6 0
Nov  2 18:48:33.027724 xenconsoled: Network (1): NetworkManager: <info> Ignoring interface vif6.1
Nov  2 18:48:33.031067 xenconsoled: Network (1): NetworkManager: <info> Ignoring interface vif6.0
Nov  2 18:48:33.034029 xenconsoled: Network (1): network-slave: moveInterfaceToNetwork /wifi/0/shared vif6.1 Just (NetworkInfo {nwIndex = 0, nwInterface = "wlan0", nwBridge = "brwireless"})
Nov  2 18:48:33.068089 rpc-proxy: incoming connection from domain 1, port 0x8146f20e, fd is 10
Nov  2 18:48:33.076277 rpc-proxy: null byte received from incoming transport - setting up conversation
Nov  2 18:48:33.076446 rpc-proxy: authenticating client <v4v: 10> ArtefactSource {sourceDomainID = 1, sourceUuid = Just 00000000-0000-0000-0000-000000000002, sourceIsStubdom = False}
Nov  2 18:48:33.076464 rpc-proxy: auth: null byte sent to server
Nov  2 18:48:33.077271 rpc-proxy: auth done for <v4v: 10>
Nov  2 18:48:33.077296 rpc-proxy: starting forwarding <v4v: 10> -> <socket: 17>
Nov  2 18:48:33.077577 rpc-proxy: starting forwarding <socket: 17> -> <v4v: 10>
Nov  2 18:48:33.078975 rpc-proxy: assuming (00000000-0000-0000-0000-000000000002,domstore-read-access) = True
Nov  2 18:48:33.080279 rpc-proxy: assuming (00000000-0000-0000-0000-000000000002,domstore-write-access) = True
Nov  2 18:48:33.081064 rpc-proxy: assuming (00000000-0000-0000-0000-000000000002,usb-control) = False
Nov  2 18:48:33.082106 rpc-proxy: assuming (00000000-0000-0000-0000-000000000002,type) = "ndvm"
Nov  2 18:48:33.085228 xenconsoled: sfsafs-dm (6): [    0.000000] Reserving virtual address space above 0xf5800000 (rounded to 0xf5800000)
Nov  2 18:48:33.085237 xenconsoled: sfsafs-dm (6): [    0.000000] Linux version 4.9.40 (build@openxt2-oe) (gcc version 5.2.0 (GCC) ) #1 Mon Oct 23 22:18:29 EDT 2017
Nov  2 18:48:33.085241 xenconsoled: sfsafs-dm (6): [    0.000000] KERNEL supported cpus:
Nov  2 18:48:33.085245 xenconsoled: sfsafs-dm (6): [    0.000000] CPU: vendor_id 'GenuineIntel' unknown, using generic init.
Nov  2 18:48:33.085264 xenconsoled: sfsafs-dm (6): [    0.000000] CPU: Your system may be unstable.
Nov  2 18:48:33.085281 xenconsoled: sfsafs-dm (6): [    0.000000] x86/fpu: Supporting XSAVE feature 0x001: 'x87 floating point registers'
Nov  2 18:48:33.085285 xenconsoled: sfsafs-dm (6): [    0.000000] x86/fpu: Supporting XSAVE feature 0x002: 'SSE registers'
Nov  2 18:48:33.085289 xenconsoled: sfsafs-dm (6): [    0.000000] x86/fpu: Supporting XSAVE feature 0x004: 'AVX registers'
Nov  2 18:48:33.085293 xenconsoled: sfsafs-dm (6): [    0.000000] x86/fpu: xstate_offset[2]:  576, xstate_sizes[2]:  256
Nov  2 18:48:33.085297 xenconsoled: sfsafs-dm (6): [    0.000000] x86/fpu: Enabled xstate features 0x7, context size is 832 bytes, using 'standard' format.
Nov  2 18:48:33.085301 xenconsoled: sfsafs-dm (6): [    0.000000] x86/fpu: Using 'eager' FPU context switches.
Nov  2 18:48:33.085305 xenconsoled: sfsafs-dm (6): [    0.000000] Released 0 page(s)
Nov  2 18:48:33.085308 xenconsoled: sfsafs-dm (6): [    0.000000] e820: BIOS-provided physical RAM map:
Nov  2 18:48:33.085338 xenconsoled: sfsafs-dm (6): [    0.000000] Xen: [mem 0x0000000000000000-0x000000000009ffff] usable
Nov  2 18:48:33.085342 xenconsoled: sfsafs-dm (6): [    0.000000] Xen: [mem 0x00000000000a0000-0x00000000000fffff] reserved
Nov  2 18:48:33.085346 xenconsoled: sfsafs-dm (6): [    0.000000] Xen: [mem 0x0000000000100000-0x0000000008ffefff] usable
Nov  2 18:48:33.085350 xenconsoled: sfsafs-dm (6): [    0.000000] NX (Execute Disable) protection: active
Nov  2 18:48:33.085353 rpc-proxy: <v4v: 10>: end of stream reached on <v4v: 10>
Nov  2 18:48:33.085353 xenconsoled: sfsafs-dm (6): [    0.000000] Hypervisor detected: Xen
Nov  2 18:48:33.085357 xenconsoled: sfsafs-dm (6): [    0.000000] e820: last_pfn = 0x8fff max_arch_pfn = 0x1000000
Nov  2 18:48:33.085361 xenconsoled: sfsafs-dm (6): [    0.000000] MTRR: Disabled
Nov  2 18:48:33.085365 xenconsoled: sfsafs-dm (6): [    0.000000] x86/PAT: MTRRs disabled, skipping PAT initialization too.
Nov  2 18:48:33.085367 rpc-proxy: stopping forwarding <v4v: 10> -> <socket: 17>
Nov  2 18:48:33.085369 xenconsoled: sfsafs-dm (6): [    0.000000] x86/PAT: Configuration [0-7]: WB  WT  UC- UC  WC  WP  UC  UC  
Nov  2 18:48:33.085373 xenconsoled: sfsafs-dm (6): [    0.000000] RAMDISK: [mem 0x01800000-0x02af4fff]
Nov  2 18:48:33.085377 xenconsoled: sfsafs-dm (6): [    0.000000] 0MB HIGHMEM available.
Nov  2 18:48:33.085382 xenconsoled: sfsafs-dm (6): [    0.000000] 143MB LOWMEM available.
Nov  2 18:48:33.085405 xenconsoled: sfsafs-dm (6): [    0.000000]   mapped low ram: 0 - 08fff000
Nov  2 18:48:33.085410 xenconsoled: sfsafs-dm (6): [    0.000000]   low ram: 0 - 08fff000
Nov  2 18:48:33.085416 xenconsoled: sfsafs-dm (6): [    0.000000] Zone ranges:
Nov  2 18:48:33.085420 xenconsoled: sfsafs-dm (6): [    0.000000]   DMA      [mem 0x0000000000001000-0x0000000000ffffff]
Nov  2 18:48:33.085424 xenconsoled: sfsafs-dm (6): [    0.000000]   Normal   [mem 0x0000000001000000-0x0000000008ffefff]
Nov  2 18:48:33.085427 xenconsoled: sfsafs-dm (6): [    0.000000]   HighMem  empty
Nov  2 18:48:33.085430 rpc-proxy: <socket: 17>: end of stream reached on <socket: 17>
Nov  2 18:48:33.085431 xenconsoled: sfsafs-dm (6): [    0.000000] Movable zone start for each node
Nov  2 18:48:33.085442 rpc-proxy: stopping forwarding <socket: 17> -> <v4v: 10>
Nov  2 18:48:33.085463 xenconsoled: sfsafs-dm (6): [    0.000000] Early memory node ranges
Nov  2 18:48:33.085513 xenconsoled: sfsafs-dm (6): [    0.000000]   node   0: [mem 0x0000000000001000-0x000000000009ffff]
Nov  2 18:48:33.085521 xenconsoled: sfsafs-dm (6): [    0.000000]   node   0: [mem 0x0000000000100000-0x0000000008ffefff]
Nov  2 18:48:33.085526 xenconsoled: sfsafs-dm (6): [    0.000000] Initmem setup node 0 [mem 0x0000000000001000-0x0000000008ffefff]
Nov  2 18:48:33.085541 xenconsoled: sfsafs-dm (6): [    0.000000] p2m virtual area at c9800000, size is 400000
Nov  2 18:48:33.085577 xenconsoled: sfsafs-dm (6): [    0.000000] Remapped 0 page(s)
Nov  2 18:48:33.085581 xenconsoled: sfsafs-dm (6): [    0.000000] Using APIC driver Xen PV
Nov  2 18:48:33.085585 xenconsoled: sfsafs-dm (6): [    0.000000] No local APIC present or hardware disabled
Nov  2 18:48:33.085589 xenconsoled: sfsafs-dm (6): [    0.000000] APIC: disable apic facility
Nov  2 18:48:33.085593 xenconsoled: sfsafs-dm (6): [    0.000000] APIC: switched to apic NOOP
Nov  2 18:48:33.085597 xenconsoled: sfsafs-dm (6): [    0.000000] ------------[ cut here ]------------
Nov  2 18:48:33.085601 xenconsoled: sfsafs-dm (6): [    0.000000] WARNING: CPU: 0 PID: 0 at /home/build/1221/openxt/build/tmp-glibc/work-shared/xenclient-stubdomain/kernel-source/arch/x86/kernel/apic/apic_noop.c:102 noop_apic_read+0x39/0x40
Nov  2 18:48:33.085604 xenconsoled: sfsafs-dm (6): [    0.000000] Modules linked in:
Nov  2 18:48:33.085618 xenconsoled: sfsafs-dm (6): [    0.000000] CPU: 0 PID: 0 Comm: swapper Not tainted 4.9.40 #1
Nov  2 18:48:33.085631 xenconsoled: sfsafs-dm (6): [    0.000000]  c141df24 c11a4009 c141df3c c103a90d 00000066 00000000 c2af5000 00000000
Nov  2 18:48:33.085635 xenconsoled: sfsafs-dm (6): [    0.000000]  c141df50 c103a9e1 00000009 00000000 00000000 c141df58 c1027269 c141df60
Nov  2 18:48:33.085648 xenconsoled: sfsafs-dm (6): [    0.000000]  c14866b0 c141df9c c147f60a c141dfec a759a65e 0000012f c141df94 02af5000
Nov  2 18:48:33.085662 xenconsoled: sfsafs-dm (6): [    0.000000] Call Trace:
Nov  2 18:48:33.085666 xenconsoled: sfsafs-dm (6): [    0.000000]  [<c11a4009>] dump_stack+0x16/0x1d
Nov  2 18:48:33.085682 xenconsoled: sfsafs-dm (6): [    0.000000]  [<c103a90d>] __warn+0xad/0xd0
Nov  2 18:48:33.085695 xenconsoled: sfsafs-dm (6): [    0.000000]  [<c103a9e1>] warn_slowpath_null+0x11/0x20
Nov  2 18:48:33.085708 xenconsoled: sfsafs-dm (6): [    0.000000]  [<c1027269>] noop_apic_read+0x39/0x40
Nov  2 18:48:33.085726 xenconsoled: sfsafs-dm (6): [    0.000000]  [<c14866b0>] init_apic_mappings+0xda/0x129
Nov  2 18:48:33.085739 xenconsoled: sfsafs-dm (6): [    0.000000]  [<c147f60a>] setup_arch+0x97e/0x9b6
Nov  2 18:48:33.085752 xenconsoled: sfsafs-dm (6): [    0.000000]  [<c14778aa>] start_kernel+0x94/0x3a2
Nov  2 18:48:33.085765 xenconsoled: sfsafs-dm (6): [    0.000000]  [<c14772f7>] i386_start_kernel+0x9b/0x9f
Nov  2 18:48:33.085793 xenconsoled: sfsafs-dm (6): [    0.000000]  [<c147ac19>] xen_start_kernel+0x486/0x48e
Nov  2 18:48:33.085808 xenconsoled: sfsafs-dm (6): [    0.000000] ---[ end trace 5f6bd9c456bdce45 ]---
Nov  2 18:48:33.085823 xenconsoled: sfsafs-dm (6): [    0.000000] e820: [mem 0x08fff000-0xffffffff] available for PCI devices
Nov  2 18:48:33.085849 xenconsoled: sfsafs-dm (6): [    0.000000] Booting paravirtualized kernel on Xen
Nov  2 18:48:33.085863 xenconsoled: sfsafs-dm (6): [    0.000000] Xen version: 4.9.0-xc (preserve-AD)
Nov  2 18:48:33.085876 xenconsoled: sfsafs-dm (6): [    0.000000] clocksource: refined-jiffies: mask: 0xffffffff max_cycles: 0xffffffff, max_idle_ns: 19112604462750000 ns
Nov  2 18:48:33.085889 xenconsoled: sfsafs-dm (6): [    0.000000] Built 1 zonelists in Zone order, mobility grouping on.  Total pages: 36478
Nov  2 18:48:33.085911 xenconsoled: sfsafs-dm (6): [    0.000000] Kernel command line:  openxt_qemu_args="-xen-domid 5 -qmp v4v -device xenmou -xen-acpi-pm -nodefaults -no-user-config -name qemu-5.0 -display surfman -device VGA,vgamem_mb=16 -boot cd -soundhw ac97 -smp 2,maxcpus=2 -device e1000,id=vif0,netdev=net0,mac=b2:bc:c5:3c:91:ee -netdev type=tap,id=net0,ifname=vif5.0-emu,script=/etc/qemu/qemu-ifup,downscript=/etc/qemu/qemu-ifup -device e1000,id=vwif1,netdev=net1,mac=32:ee:c6:62:94:34 -netdev type=tap,id=net1,ifname=vif5.1-emu,script=/etc/qemu/qemu-ifup,downscript=/etc/qemu/qemu-ifup -machine xenfv,max-ram-below-4g=4026531840 -m 2032 -drive if=ide,index=2,readonly=on,media=cdrom,id=ide-5632,file=/dev/xvdc,format=file -drive file=/dev/xvda,if=ide,index=0,media=disk,format=raw,cache=writeback -drive file=atapi-pt-v4v:/dev/bsg/1:0:0:0,if=atapi-pt,media=cdrom,format=atapi-pt-fmt"
Nov  2 18:48:33.085915 xenconsoled: sfsafs-dm (6): [    0.000000] PID hash table entries: 1024 (order: 0, 4096 bytes)
Nov  2 18:48:33.085918 xenconsoled: sfsafs-dm (6): [    0.000000] Dentry cache hash table entries: 32768 (order: 5, 131072 bytes)
Nov  2 18:48:33.085922 xenconsoled: sfsafs-dm (6): [    0.000000] Inode-cache hash table entries: 16384 (order: 4, 65536 bytes)
Nov  2 18:48:33.085926 xenconsoled: sfsafs-dm (6): [    0.000000] Initializing CPU#0
Nov  2 18:48:33.085958 xenconsoled: sfsafs-dm (6): [    0.000000] Initializing HighMem for node 0 (00000000:00000000)
Nov  2 18:48:33.085964 xenconsoled: sfsafs-dm (6): [    0.000000] Memory: 119516K/147064K available (2892K kernel code, 360K rwdata, 1304K rodata, 300K init, 272K bss, 27548K reserved, 0K cma-reserved, 0K highmem)
Nov  2 18:48:33.085970 xenconsoled: sfsafs-dm (6): [    0.000000] virtual kernel memory layout:
Nov  2 18:48:33.085975 xenconsoled: sfsafs-dm (6): [    0.000000]     fixmap  : 0xf57a3000 - 0xf57ff000   ( 368 kB)
Nov  2 18:48:33.085980 xenconsoled: sfsafs-dm (6): [    0.000000]     pkmap   : 0xf5400000 - 0xf5600000   (2048 kB)
Nov  2 18:48:33.085990 xenconsoled: sfsafs-dm (6): [    0.000000]     vmalloc : 0xc97ff000 - 0xf53fe000   ( 699 MB)
Nov  2 18:48:33.085996 xenconsoled: sfsafs-dm (6): [    0.000000]     lowmem  : 0xc0000000 - 0xc8fff000   ( 143 MB)
Nov  2 18:48:33.086001 xenconsoled: sfsafs-dm (6): [    0.000000]       .init : 0xc1477000 - 0xc14c2000   ( 300 kB)
Nov  2 18:48:33.086006 xenconsoled: sfsafs-dm (6): [    0.000000]       .data : 0xc12d35e4 - 0xc14750c0   (1670 kB)
Nov  2 18:48:33.086011 xenconsoled: sfsafs-dm (6): [    0.000000]       .text : 0xc1000000 - 0xc12d35e4   (2893 kB)
Nov  2 18:48:33.086016 xenconsoled: sfsafs-dm (6): [    0.000000] Using NULL legacy PIC
Nov  2 18:48:33.086022 xenconsoled: sfsafs-dm (6): [    0.000000] NR_IRQS:2304 nr_irqs:32 0
Nov  2 18:48:33.086027 xenconsoled: sfsafs-dm (6): [    0.000000] xen:events: Using FIFO-based ABI
Nov  2 18:48:33.086032 xenconsoled: sfsafs-dm (6): [    0.000000] console [hvc0] enabled
Nov  2 18:48:33.086059 xenconsoled: sfsafs-dm (6): [    0.000000] clocksource: xen: mask: 0xffffffffffffffff max_cycles: 0x1cd42e4dffb, max_idle_ns: 881590591483 ns
Nov  2 18:48:33.086064 xenconsoled: sfsafs-dm (6): [    0.000000] installing Xen timer for CPU 0
Nov  2 18:48:33.111636 xenconsoled: Network (1): network-slave: -F FORWARD_vif6.1_OUT
Nov  2 18:48:33.123000 xenconsoled: Network (1): network-slave: -X FORWARD_vif6.1_OUT
Nov  2 18:48:33.135719 xenconsoled: Network (1): network-slave: -F FORWARD_vif6.1_IN
Nov  2 18:48:33.152006 xenconsoled: Network (1): network-slave: -X FORWARD_vif6.1_IN
Nov  2 18:48:33.171560 xenconsoled: Network (1): network-slave: Configure vif6.1 before joining it to brwireless
Nov  2 18:48:33.176062 xenconsoled: sfsafs-dm (6): [    0.000000] tsc: Fast TSC calibration failed
Nov  2 18:48:33.176085 xenconsoled: sfsafs-dm (6): [    0.000000] tsc: Unable to calibrate against PIT
Nov  2 18:48:33.176089 xenconsoled: sfsafs-dm (6): [    0.000000] tsc: No reference (HPET/PMTIMER) available
Nov  2 18:48:33.176093 xenconsoled: sfsafs-dm (6): [    0.000000] tsc: Detected 2693.784 MHz processor
Nov  2 18:48:33.176119 xenconsoled: sfsafs-dm (6): [    0.020000] Calibrating delay loop (skipped), value calculated using timer frequency.. 5387.56 BogoMIPS (lpj=26937840)
Nov  2 18:48:33.176127 xenconsoled: sfsafs-dm (6): [    0.020000] pid_max: default: 32768 minimum: 301
Nov  2 18:48:33.176142 xenconsoled: sfsafs-dm (6): [    0.020000] Mount-cache hash table entries: 1024 (order: 0, 4096 bytes)
Nov  2 18:48:33.176146 xenconsoled: sfsafs-dm (6): [    0.020000] Mountpoint-cache hash table entries: 1024 (order: 0, 4096 bytes)
Nov  2 18:48:33.176291 xenconsoled: sfsafs-dm (6): [    0.020000] Last level iTLB entries: 4KB 0, 2MB 0, 4MB 0
Nov  2 18:48:33.176298 xenconsoled: sfsafs-dm (6): [    0.020000] Last level dTLB entries: 4KB 0, 2MB 0, 4MB 0, 1GB 0
Nov  2 18:48:33.176315 xenconsoled: sfsafs-dm (6): [    0.020000] CPU: GenuineIntel Intel(R) Core(TM) i7-4800MQ CPU @ 2.70GHz (family: 0x6, model: 0x3c, stepping: 0x3)
Nov  2 18:48:33.181346 xenconsoled: sfsafs-dm (6): [    0.020000] Performance Events: no PMU driver, software events only.
Nov  2 18:48:33.181581 xenconsoled: sfsafs-dm (6): [    0.020000] Switched APIC routing from noop to Xen PV.
Nov  2 18:48:33.181589 xenconsoled: sfsafs-dm (6): [    0.020000] ------------[ cut here ]------------
Nov  2 18:48:33.181607 xenconsoled: sfsafs-dm (6): [    0.020000] WARNING: CPU: 0 PID: 1 at /home/build/1221/openxt/build/tmp-glibc/work-shared/xenclient-stubdomain/kernel-source/arch/x86/xen/apic.c:82 xen_apic_write+0x1d/0x30
Nov  2 18:48:33.181611 xenconsoled: sfsafs-dm (6): [    0.020000] register: 80, value: 0
Nov  2 18:48:33.181615 xenconsoled: sfsafs-dm (6): [    0.020000] Modules linked in:
Nov  2 18:48:33.181619 xenconsoled: sfsafs-dm (6): [    0.020000] CPU: 0 PID: 1 Comm: swapper Tainted: G        W       4.9.40 #1
Nov  2 18:48:33.181623 xenconsoled: sfsafs-dm (6): [    0.020000]  c888fee8 c11a4009 c888ff00 c103a90d 00000052 000000ff 00000000 00000001
Nov  2 18:48:33.181646 xenconsoled: sfsafs-dm (6): [    0.020000]  c888ff20 c103a963 00000009 00000000 c888ff14 c13aaa91 c888ff34 29a7c263
Nov  2 18:48:33.181650 xenconsoled: sfsafs-dm (6): [    0.020000]  c888ff3c c100ee8d c13a48c0 00000052 c13aaa91 00000080 00000000 c888ff6c
Nov  2 18:48:33.181654 xenconsoled: sfsafs-dm (6): [    0.020000] Call Trace:
Nov  2 18:48:33.181658 xenconsoled: sfsafs-dm (6): [    0.020000]  [<c11a4009>] dump_stack+0x16/0x1d
Nov  2 18:48:33.181674 xenconsoled: sfsafs-dm (6): [    0.020000]  [<c103a90d>] __warn+0xad/0xd0
Nov  2 18:48:33.181678 xenconsoled: sfsafs-dm (6): [    0.020000]  [<c103a963>] warn_slowpath_fmt+0x33/0x50
Nov  2 18:48:33.181682 xenconsoled: sfsafs-dm (6): [    0.020000]  [<c100ee8d>] xen_apic_write+0x1d/0x30
Nov  2 18:48:33.181685 xenconsoled: sfsafs-dm (6): [    0.020000]  [<c10267d4>] setup_local_APIC+0x104/0x3a0
Nov  2 18:48:33.181689 xenconsoled: sfsafs-dm (6): [    0.020000]  [<c10cd1e9>] ? printk+0x11/0x13
Nov  2 18:48:33.181711 xenconsoled: sfsafs-dm (6): [    0.020000]  [<c148675f>] apic_bsp_setup+0x60/0x91
Nov  2 18:48:33.181715 xenconsoled: sfsafs-dm (6): [    0.020000]  [<c1486805>] APIC_init_uniprocessor+0x75/0x81
Nov  2 18:48:33.181719 xenconsoled: sfsafs-dm (6): [    0.020000]  [<c1486819>] up_late_init+0x8/0xa
Nov  2 18:48:33.181723 xenconsoled: sfsafs-dm (6): [    0.020000]  [<c1477c0b>] kernel_init_freeable+0x53/0x157
Nov  2 18:48:33.181727 xenconsoled: sfsafs-dm (6): [    0.020000]  [<c12cbed0>] ? rest_init+0x60/0x60
Nov  2 18:48:33.181731 xenconsoled: sfsafs-dm (6): [    0.020000]  [<c12cbed8>] kernel_init+0x8/0xe0
Nov  2 18:48:33.181745 xenconsoled: sfsafs-dm (6): [    0.020000]  [<c12d1a83>] ret_from_fork+0x1b/0x28
Nov  2 18:48:33.181749 xenconsoled: sfsafs-dm (6): [    0.020000] ---[ end trace 5f6bd9c456bdce46 ]---
Nov  2 18:48:33.181753 xenconsoled: sfsafs-dm (6): [    0.020000] ------------[ cut here ]------------
Nov  2 18:48:33.181757 xenconsoled: sfsafs-dm (6): [    0.020000] WARNING: CPU: 0 PID: 1 at /home/build/1221/openxt/build/tmp-glibc/work-shared/xenclient-stubdomain/kernel-source/arch/x86/xen/apic.c:82 xen_apic_write+0x1d/0x30
Nov  2 18:48:33.181761 xenconsoled: sfsafs-dm (6): [    0.020000] register: f0, value: 1ff
Nov  2 18:48:33.181765 xenconsoled: sfsafs-dm (6): [    0.020000] Modules linked in:
Nov  2 18:48:33.181786 xenconsoled: sfsafs-dm (6): [    0.020000] CPU: 0 PID: 1 Comm: swapper Tainted: G        W       4.9.40 #1
Nov  2 18:48:33.181790 xenconsoled: sfsafs-dm (6): [    0.020000]  c888fee8 c11a4009 c888ff00 c103a90d 00000052 ffffffff 00000000 00000001
Nov  2 18:48:33.181793 xenconsoled: sfsafs-dm (6): [    0.020000]  c888ff20 c103a963 00000009 00000000 c888ff14 c13aaa91 c888ff34 29a7c263
Nov  2 18:48:33.181809 xenconsoled: sfsafs-dm (6): [    0.020000]  c888ff3c c100ee8d c13a48c0 00000052 c13aaa91 000000f0 000001ff c888ff6c
Nov  2 18:48:33.181813 xenconsoled: sfsafs-dm (6): [    0.020000] Call Trace:
Nov  2 18:48:33.181816 xenconsoled: sfsafs-dm (6): [    0.020000]  [<c11a4009>] dump_stack+0x16/0x1d
Nov  2 18:48:33.181820 xenconsoled: sfsafs-dm (6): [    0.020000]  [<c103a90d>] __warn+0xad/0xd0
Nov  2 18:48:33.181824 xenconsoled: sfsafs-dm (6): [    0.020000]  [<c103a963>] warn_slowpath_fmt+0x33/0x50
Nov  2 18:48:33.181845 xenconsoled: sfsafs-dm (6): [    0.020000]  [<c100ee8d>] xen_apic_write+0x1d/0x30
Nov  2 18:48:33.181849 xenconsoled: sfsafs-dm (6): [    0.020000]  [<c10268ae>] setup_local_APIC+0x1de/0x3a0
Nov  2 18:48:33.181853 xenconsoled: sfsafs-dm (6): [    0.020000]  [<c148675f>] apic_bsp_setup+0x60/0x91
Nov  2 18:48:33.181856 xenconsoled: sfsafs-dm (6): [    0.020000]  [<c1486805>] APIC_init_uniprocessor+0x75/0x81
Nov  2 18:48:33.181860 xenconsoled: sfsafs-dm (6): [    0.020000]  [<c1486819>] up_late_init+0x8/0xa
Nov  2 18:48:33.181864 xenconsoled: sfsafs-dm (6): [    0.020000]  [<c1477c0b>] kernel_init_freeable+0x53/0x157
Nov  2 18:48:33.181868 xenconsoled: sfsafs-dm (6): [    0.020000]  [<c12cbed0>] ? rest_init+0x60/0x60
Nov  2 18:48:33.181882 xenconsoled: sfsafs-dm (6): [    0.020000]  [<c12cbed8>] kernel_init+0x8/0xe0
Nov  2 18:48:33.181886 xenconsoled: sfsafs-dm (6): [    0.020000]  [<c12d1a83>] ret_from_fork+0x1b/0x28
Nov  2 18:48:33.181890 xenconsoled: sfsafs-dm (6): [    0.020000] ---[ end trace 5f6bd9c456bdce47 ]---
Nov  2 18:48:33.181894 xenconsoled: sfsafs-dm (6): [    0.020000] ------------[ cut here ]------------
Nov  2 18:48:33.181898 xenconsoled: sfsafs-dm (6): [    0.020000] WARNING: CPU: 0 PID: 1 at /home/build/1221/openxt/build/tmp-glibc/work-shared/xenclient-stubdomain/kernel-source/arch/x86/xen/apic.c:82 xen_apic_write+0x1d/0x30
Nov  2 18:48:33.181912 xenconsoled: sfsafs-dm (6): [    0.020000] register: 350, value: 700
Nov  2 18:48:33.181936 xenconsoled: sfsafs-dm (6): [    0.020000] Modules linked in:
Nov  2 18:48:33.181940 xenconsoled: sfsafs-dm (6): [    0.020000] CPU: 0 PID: 1 Comm: swapper Tainted: G        W       4.9.40 #1
Nov  2 18:48:33.181944 xenconsoled: sfsafs-dm (6): [    0.020000]  c888fee8 c11a4009 c888ff00 c103a90d 00000052 00010400 00000000 00000000
Nov  2 18:48:33.181948 xenconsoled: sfsafs-dm (6): [    0.020000]  c888ff20 c103a963 00000009 00000000 c888ff14 c13aaa91 c888ff34 29a7c263
Nov  2 18:48:33.181951 xenconsoled: sfsafs-dm (6): [    0.020000]  c888ff3c c100ee8d c13a48c0 00000052 c13aaa91 00000350 00000700 c888ff6c
Nov  2 18:48:33.181965 xenconsoled: sfsafs-dm (6): [    0.020000] Call Trace:
Nov  2 18:48:33.181979 xenconsoled: sfsafs-dm (6): [    0.020000]  [<c11a4009>] dump_stack+0x16/0x1d
Nov  2 18:48:33.181995 xenconsoled: sfsafs-dm (6): [    0.020000]  [<c103a90d>] __warn+0xad/0xd0
Nov  2 18:48:33.182007 xenconsoled: sfsafs-dm (6): [    0.020000]  [<c103a963>] warn_slowpath_fmt+0x33/0x50
Nov  2 18:48:33.182022 xenconsoled: sfsafs-dm (6): [    0.020000]  [<c100ee8d>] xen_apic_write+0x1d/0x30
Nov  2 18:48:33.182038 xenconsoled: sfsafs-dm (6): [    0.020000]  [<c10269a5>] setup_local_APIC+0x2d5/0x3a0
Nov  2 18:48:33.182051 xenconsoled: sfsafs-dm (6): [    0.020000]  [<c148675f>] apic_bsp_setup+0x60/0x91
Nov  2 18:48:33.182065 xenconsoled: sfsafs-dm (6): [    0.020000]  [<c1486805>] APIC_init_uniprocessor+0x75/0x81
Nov  2 18:48:33.182081 xenconsoled: sfsafs-dm (6): [    0.020000]  [<c1486819>] up_late_init+0x8/0xa
Nov  2 18:48:33.182096 xenconsoled: sfsafs-dm (6): [    0.020000]  [<c1477c0b>] kernel_init_freeable+0x53/0x157
Nov  2 18:48:33.182110 xenconsoled: sfsafs-dm (6): [    0.020000]  [<c12cbed0>] ? rest_init+0x60/0x60
Nov  2 18:48:33.182126 xenconsoled: sfsafs-dm (6): [    0.020000]  [<c12cbed8>] kernel_init+0x8/0xe0
Nov  2 18:48:33.182143 xenconsoled: sfsafs-dm (6): [    0.020000]  [<c12d1a83>] ret_from_fork+0x1b/0x28
Nov  2 18:48:33.182169 xenconsoled: sfsafs-dm (6): [    0.020000] ---[ end trace 5f6bd9c456bdce48 ]---
Nov  2 18:48:33.182173 xenconsoled: sfsafs-dm (6): [    0.020000] ------------[ cut here ]------------
Nov  2 18:48:33.182177 xenconsoled: sfsafs-dm (6): [    0.020000] WARNING: CPU: 0 PID: 1 at /home/build/1221/openxt/build/tmp-glibc/work-shared/xenclient-stubdomain/kernel-source/arch/x86/xen/apic.c:82 xen_apic_write+0x1d/0x30
Nov  2 18:48:33.182181 xenconsoled: sfsafs-dm (6): [    0.020000] register: 360, value: 8400
Nov  2 18:48:33.182197 xenconsoled: sfsafs-dm (6): [    0.020000] Modules linked in:
Nov  2 18:48:33.182212 xenconsoled: sfsafs-dm (6): [    0.020000] CPU: 0 PID: 1 Comm: swapper Tainted: G        W       4.9.40 #1
Nov  2 18:48:33.182227 xenconsoled: sfsafs-dm (6): [    0.020000]  c888fee8 c11a4009 c888ff00 c103a90d 00000052 00008400 00000000 00000000
Nov  2 18:48:33.182241 xenconsoled: sfsafs-dm (6): [    0.020000]  c888ff20 c103a963 00000009 00000000 c888ff14 c13aaa91 c888ff34 29a7c263
Nov  2 18:48:33.182258 xenconsoled: sfsafs-dm (6): [    0.020000]  c888ff3c c100ee8d c13a48c0 00000052 c13aaa91 00000360 00008400 c888ff6c
Nov  2 18:48:33.182288 xenconsoled: sfsafs-dm (6): [    0.020000] Call Trace:
Nov  2 18:48:33.182302 xenconsoled: sfsafs-dm (6): [    0.020000]  [<c11a4009>] dump_stack+0x16/0x1d
Nov  2 18:48:33.182318 xenconsoled: sfsafs-dm (6): [    0.020000]  [<c103a90d>] __warn+0xad/0xd0
Nov  2 18:48:33.182333 xenconsoled: sfsafs-dm (6): [    0.020000]  [<c103a963>] warn_slowpath_fmt+0x33/0x50
Nov  2 18:48:33.182352 xenconsoled: sfsafs-dm (6): [    0.020000]  [<c100ee8d>] xen_apic_write+0x1d/0x30
Nov  2 18:48:33.182366 xenconsoled: sfsafs-dm (6): [    0.020000]  [<c10269dc>] setup_local_APIC+0x30c/0x3a0
Nov  2 18:48:33.182381 xenconsoled: sfsafs-dm (6): [    0.020000]  [<c148675f>] apic_bsp_setup+0x60/0x91
Nov  2 18:48:33.182396 xenconsoled: sfsafs-dm (6): [    0.020000]  [<c1486805>] APIC_init_uniprocessor+0x75/0x81
Nov  2 18:48:33.182409 xenconsoled: sfsafs-dm (6): [    0.020000]  [<c1486819>] up_late_init+0x8/0xa
Nov  2 18:48:33.182423 xenconsoled: sfsafs-dm (6): [    0.020000]  [<c1477c0b>] kernel_init_freeable+0x53/0x157
Nov  2 18:48:33.182438 xenconsoled: sfsafs-dm (6): [    0.020000]  [<c12cbed0>] ? rest_init+0x60/0x60
Nov  2 18:48:33.182452 xenconsoled: sfsafs-dm (6): [    0.020000]  [<c12cbed8>] kernel_init+0x8/0xe0
Nov  2 18:48:33.182464 xenconsoled: sfsafs-dm (6): [    0.020000]  [<c12d1a83>] ret_from_fork+0x1b/0x28
Nov  2 18:48:33.182478 xenconsoled: sfsafs-dm (6): [    0.020000] ---[ end trace 5f6bd9c456bdce49 ]---
Nov  2 18:48:33.182494 xenconsoled: sfsafs-dm (6): [    0.020000] No ESR for 82489DX.
Nov  2 18:48:33.182508 xenconsoled: sfsafs-dm (6): [    0.020000] ------------[ cut here ]------------
Nov  2 18:48:33.182520 xenconsoled: sfsafs-dm (6): [    0.020000] WARNING: CPU: 0 PID: 1 at /home/build/1221/openxt/build/tmp-glibc/work-shared/xenclient-stubdomain/kernel-source/arch/x86/xen/apic.c:82 xen_apic_write+0x1d/0x30
Nov  2 18:48:33.182535 xenconsoled: sfsafs-dm (6): [    0.020000] register: 320, value: 100ef
Nov  2 18:48:33.182550 xenconsoled: sfsafs-dm (6): [    0.020000] Modules linked in:
Nov  2 18:48:33.182567 xenconsoled: sfsafs-dm (6): [    0.020000] CPU: 0 PID: 1 Comm: swapper Tainted: G        W       4.9.40 #1
Nov  2 18:48:33.182571 xenconsoled: sfsafs-dm (6): [    0.020000]  c888ff0c c11a4009 c888ff24 c103a90d 00000052 00000000 00000000 c14cf260
Nov  2 18:48:33.182575 xenconsoled: sfsafs-dm (6): [    0.020000]  c888ff44 c103a963 00000009 00000000 c888ff38 c13aaa91 c888ff58 29a7c263
Nov  2 18:48:33.182578 xenconsoled: sfsafs-dm (6): [    0.020000]  c888ff60 c100ee8d c13a48c0 00000052 c13aaa91 00000320 000100ef c888ff6c
Nov  2 18:48:33.182606 xenconsoled: sfsafs-dm (6): [    0.020000] Call Trace:
Nov  2 18:48:33.182620 xenconsoled: sfsafs-dm (6): [    0.020000]  [<c11a4009>] dump_stack+0x16/0x1d
Nov  2 18:48:33.182634 xenconsoled: sfsafs-dm (6): [    0.020000]  [<c103a90d>] __warn+0xad/0xd0
Nov  2 18:48:33.182647 xenconsoled: sfsafs-dm (6): [    0.020000]  [<c103a963>] warn_slowpath_fmt+0x33/0x50
Nov  2 18:48:33.182662 xenconsoled: sfsafs-dm (6): [    0.020000]  [<c100ee8d>] xen_apic_write+0x1d/0x30
Nov  2 18:48:33.182676 xenconsoled: sfsafs-dm (6): [    0.020000]  [<c102595d>] end_local_APIC_setup+0x9d/0x140
Nov  2 18:48:33.182681 xenconsoled: sfsafs-dm (6): [    0.020000]  [<c1486779>] apic_bsp_setup+0x7a/0x91
Nov  2 18:48:33.182695 xenconsoled: sfsafs-dm (6): [    0.020000]  [<c1486805>] APIC_init_uniprocessor+0x75/0x81
Nov  2 18:48:33.182708 xenconsoled: sfsafs-dm (6): [    0.020000]  [<c1486819>] up_late_init+0x8/0xa
Nov  2 18:48:33.182722 xenconsoled: sfsafs-dm (6): [    0.020000]  [<c1477c0b>] kernel_init_freeable+0x53/0x157
Nov  2 18:48:33.182735 xenconsoled: sfsafs-dm (6): [    0.020000]  [<c12cbed0>] ? rest_init+0x60/0x60
Nov  2 18:48:33.182739 xenconsoled: sfsafs-dm (6): [    0.020000]  [<c12cbed8>] kernel_init+0x8/0xe0
Nov  2 18:48:33.182753 xenconsoled: sfsafs-dm (6): [    0.020000]  [<c12d1a83>] ret_from_fork+0x1b/0x28
Nov  2 18:48:33.182766 xenconsoled: sfsafs-dm (6): [    0.020000] ---[ end trace 5f6bd9c456bdce4a ]---
Nov  2 18:48:33.182779 xenconsoled: sfsafs-dm (6): [    0.020000] devtmpfs: initialized
Nov  2 18:48:33.182792 xenconsoled: sfsafs-dm (6): [    0.020000] clocksource: jiffies: mask: 0xffffffff max_cycles: 0xffffffff, max_idle_ns: 19112604462750000 ns
Nov  2 18:48:33.182805 xenconsoled: sfsafs-dm (6): [    0.020000] futex hash table entries: 256 (order: -1, 3072 bytes)
Nov  2 18:48:33.182818 xenconsoled: sfsafs-dm (6): [    0.020000] NET: Registered protocol family 16
Nov  2 18:48:33.182831 xenconsoled: sfsafs-dm (6): [    0.020000] xen:grant_table: Grant tables using version 1 layout
Nov  2 18:48:33.182844 xenconsoled: sfsafs-dm (6): [    0.020000] Grant table initialized
Nov  2 18:48:33.183427 xenconsoled: sfsafs-dm (6): [    0.020000] PCI: setting up Xen PCI frontend stub
Nov  2 18:48:33.183627 xenconsoled: sfsafs-dm (6): [    0.020000] xen:balloon: Initialising balloon driver
Nov  2 18:48:33.184181 xenconsoled: sfsafs-dm (6): [    0.020000] PCI: System does not support PCI
Nov  2 18:48:33.184188 xenconsoled: sfsafs-dm (6): [    0.020000] PCI: System does not support PCI
Nov  2 18:48:33.184226 xenconsoled: sfsafs-dm (6): [    0.020000] clocksource: Switched to clocksource xen
Nov  2 18:48:33.186802 xenconsoled: sfsafs-dm (6): [    0.020000] NET: Registered protocol family 2
Nov  2 18:48:33.186868 xenconsoled: sfsafs-dm (6): [    0.020000] TCP established hash table entries: 2048 (order: 1, 8192 bytes)
Nov  2 18:48:33.186884 xenconsoled: sfsafs-dm (6): [    0.020000] TCP bind hash table entries: 2048 (order: 1, 8192 bytes)
Nov  2 18:48:33.186888 xenconsoled: sfsafs-dm (6): [    0.020000] TCP: Hash tables configured (established 2048 bind 2048)
Nov  2 18:48:33.186902 xenconsoled: sfsafs-dm (6): [    0.020000] UDP hash table entries: 256 (order: 0, 4096 bytes)
Nov  2 18:48:33.186912 xenconsoled: sfsafs-dm (6): [    0.020000] UDP-Lite hash table entries: 256 (order: 0, 4096 bytes)
Nov  2 18:48:33.186927 xenconsoled: sfsafs-dm (6): [    0.020000] NET: Registered protocol family 1
Nov  2 18:48:33.186941 xenconsoled: sfsafs-dm (6): [    0.020000] Trying to unpack rootfs image as initramfs...
Nov  2 18:48:33.193938 xenconsoled: sfsafs-dm (6): [    0.020000] Freeing initrd memory: 19412K (c1800000 - c2af5000)
Nov  2 18:48:33.194182 xenconsoled: sfsafs-dm (6): [    0.020000] audit: initializing netlink subsys (disabled)
Nov  2 18:48:33.194189 xenconsoled: sfsafs-dm (6): [    0.020000] audit: type=2000 audit(1509648513.095:1): initialized
Nov  2 18:48:33.194262 xenconsoled: sfsafs-dm (6): [    0.020023] workingset: timestamp_bits=30 max_order=16 bucket_order=0
Nov  2 18:48:33.194440 xenconsoled: sfsafs-dm (6): [    0.020197] Block layer SCSI generic (bsg) driver version 0.4 loaded (major 254)
Nov  2 18:48:33.194447 xenconsoled: sfsafs-dm (6): [    0.020216] io scheduler noop registered
Nov  2 18:48:33.194451 xenconsoled: sfsafs-dm (6): [    0.020220] io scheduler deadline registered
Nov  2 18:48:33.194465 xenconsoled: sfsafs-dm (6): [    0.020226] io scheduler cfq registered (default)
Nov  2 18:48:33.194517 xenconsoled: sfsafs-dm (6): [    0.020281] xen:xen_evtchn: Event-channel device installed
Nov  2 18:48:33.195802 xenconsoled: sfsafs-dm (6): [    0.021560] brd: module loaded
Nov  2 18:48:33.196276 xenconsoled: sfsafs-dm (6): [    0.021835] loop: module loaded
Nov  2 18:48:33.196283 xenconsoled: sfsafs-dm (6): [    0.021835] Invalid max_queues (4), will use default max: 1.
Nov  2 18:48:33.196803 xenconsoled: sfsafs-dm (6): [    0.021835] tun: Universal TUN/TAP device driver, 1.6
Nov  2 18:48:33.196823 xenconsoled: sfsafs-dm (6): [    0.021835] tun: (C) 1999-2004 Max Krasnyansky <maxk@qualcomm.com>
Nov  2 18:48:33.196847 xenconsoled: sfsafs-dm (6): [    0.021835] xen_netfront: Initialising Xen virtual ethernet driver
Nov  2 18:48:33.197875 xenconsoled: sfsafs-dm (6): [    0.021835] random: fast init done
Nov  2 18:48:33.199682 kernel:[  463.147098] xen-blkback: backend/vbd/6/5632: using 1 queues, protocol 1 (x86_32-abi) persistent grants
Nov  2 18:48:33.199690 kernel:[  463.148743] xen-blkback: backend/vbd/6/768: using 1 queues, protocol 1 (x86_32-abi) persistent grants
Nov  2 18:48:33.199787 xenconsoled: sfsafs-dm (6): [    0.021835] NET: Registered protocol family 17
Nov  2 18:48:33.199826 xenconsoled: sfsafs-dm (6): [    0.021835] Using IPI Shortcut mode
Nov  2 18:48:33.199924 xenconsoled: sfsafs-dm (6): [    0.021835] blkfront: xvdc: barrier or flush: disabled; persistent grants: enabled; indirect descriptors: enabled;
Nov  2 18:48:33.203349 xenconsoled: sfsafs-dm (6): [    0.021835] blkfront: xvda: barrier or flush: disabled; persistent grants: enabled; indirect descriptors: enabled;
Nov  2 18:48:33.205805 xenconsoled: Network (1): [  448.842426] vif vif-6-0 vif6.0: Guest Rx ready
Nov  2 18:48:33.210607 xenconsoled: Network (1): [  448.847241] vif vif-6-1 vif6.1: Guest Rx ready
Nov  2 18:48:33.213447 xenconsoled: Network (1): kernel: [  448.842426] vif vif-6-0 vif6.0: Guest Rx ready
Nov  2 18:48:33.213455 xenconsoled: Network (1): kernel: [  448.847241] vif vif-6-1 vif6.1: Guest Rx ready
Nov  2 18:48:33.218602 rpc-proxy: incoming connection from domain 1, port 0xac21a239, fd is 10
Nov  2 18:48:33.218829 rpc-proxy: null byte received from incoming transport - setting up conversation
Nov  2 18:48:33.218964 rpc-proxy: authenticating client <v4v: 10> ArtefactSource {sourceDomainID = 1, sourceUuid = Just 00000000-0000-0000-0000-000000000002, sourceIsStubdom = False}
Nov  2 18:48:33.218983 rpc-proxy: auth: null byte sent to server
Nov  2 18:48:33.219277 rpc-proxy: auth done for <v4v: 10>
Nov  2 18:48:33.219301 rpc-proxy: starting forwarding <v4v: 10> -> <socket: 17>
Nov  2 18:48:33.219582 rpc-proxy: starting forwarding <socket: 17> -> <v4v: 10>
Nov  2 18:48:33.220670 rpc-proxy: assuming (00000000-0000-0000-0000-000000000002,domstore-read-access) = True
Nov  2 18:48:33.221678 rpc-proxy: assuming (00000000-0000-0000-0000-000000000002,domstore-write-access) = True
Nov  2 18:48:33.222385 rpc-proxy: assuming (00000000-0000-0000-0000-000000000002,usb-control) = False
Nov  2 18:48:33.223268 rpc-proxy: assuming (00000000-0000-0000-0000-000000000002,type) = "ndvm"
Nov  2 18:48:33.225816 rpc-proxy: <v4v: 10>: end of stream reached on <v4v: 10>
Nov  2 18:48:33.225831 rpc-proxy: stopping forwarding <v4v: 10> -> <socket: 17>
Nov  2 18:48:33.225887 rpc-proxy: <socket: 17>: end of stream reached on <socket: 17>
Nov  2 18:48:33.225901 rpc-proxy: stopping forwarding <socket: 17> -> <v4v: 10>
Nov  2 18:48:33.226737 xenconsoled: Network (1): network-slave: Joining vif6.1 to brwireless
Nov  2 18:48:33.233592 xenconsoled: Network (1): [  448.870206] brwireless: port 1(vif6.1) entered blocking state
Nov  2 18:48:33.233610 xenconsoled: Network (1): [  448.870224] brwireless: port 1(vif6.1) entered disabled state
Nov  2 18:48:33.233638 xenconsoled: Network (1): [  448.870275] device vif6.1 entered promiscuous mode
Nov  2 18:48:33.238154 xenconsoled: Network (1): network-slave: Move vif vif6.1 to brwireless network successful
Nov  2 18:48:33.238171 xenconsoled: Network (1): network-slave: moveInterfaceToNetwork /wifi/0/shared tap6.1 Just (NetworkInfo {nwIndex = 0, nwInterface = "wlan0", nwBridge = "brwireless"})
Nov  2 18:48:33.238186 xenconsoled: Network (1): network-slave: Move vif to network - Ignoring tap6.1
Nov  2 18:48:33.243463 xenconsoled: Network (1): kernel: [  448.870206] brwireless: port 1(vif6.1) entered blocking state
Nov  2 18:48:33.243470 xenconsoled: Network (1): kernel: [  448.870224] brwireless: port 1(vif6.1) entered disabled state
Nov  2 18:48:33.243484 xenconsoled: Network (1): kernel: [  448.870275] device vif6.1 entered promiscuous mode
Nov  2 18:48:33.259055 xenconsoled: Network (1): network-slave: moveInterfaceToNetwork /wired/0/bridged vif6.0 Just (NetworkInfo {nwIndex = 0, nwInterface = "eth0", nwBridge = "brbridged"})
Nov  2 18:48:33.266821 rpc-proxy: incoming connection from domain 1, port 0xd06173c2, fd is 10
Nov  2 18:48:33.267127 rpc-proxy: null byte received from incoming transport - setting up conversation
Nov  2 18:48:33.267360 rpc-proxy: authenticating client <v4v: 10> ArtefactSource {sourceDomainID = 1, sourceUuid = Just 00000000-0000-0000-0000-000000000002, sourceIsStubdom = False}
Nov  2 18:48:33.267389 rpc-proxy: auth: null byte sent to server
Nov  2 18:48:33.267772 rpc-proxy: auth done for <v4v: 10>
Nov  2 18:48:33.267791 rpc-proxy: starting forwarding <v4v: 10> -> <socket: 17>
Nov  2 18:48:33.268099 rpc-proxy: starting forwarding <socket: 17> -> <v4v: 10>
Nov  2 18:48:33.269331 rpc-proxy: assuming (00000000-0000-0000-0000-000000000002,domstore-read-access) = True
Nov  2 18:48:33.270318 rpc-proxy: assuming (00000000-0000-0000-0000-000000000002,domstore-write-access) = True
Nov  2 18:48:33.271003 rpc-proxy: assuming (00000000-0000-0000-0000-000000000002,usb-control) = False
Nov  2 18:48:33.271864 rpc-proxy: assuming (00000000-0000-0000-0000-000000000002,type) = "ndvm"
Nov  2 18:48:33.274346 rpc-proxy: <v4v: 10>: end of stream reached on <v4v: 10>
Nov  2 18:48:33.274359 rpc-proxy: stopping forwarding <v4v: 10> -> <socket: 17>
Nov  2 18:48:33.274404 rpc-proxy: <socket: 17>: end of stream reached on <socket: 17>
Nov  2 18:48:33.274414 rpc-proxy: stopping forwarding <socket: 17> -> <v4v: 10>
Nov  2 18:48:33.283268 xenconsoled: Network (1): network-slave: -F FORWARD_vif6.0_OUT
Nov  2 18:48:33.286781 xenconsoled: Network (1): network-slave: -X FORWARD_vif6.0_OUT
Nov  2 18:48:33.290308 xenconsoled: Network (1): network-slave: -F FORWARD_vif6.0_IN
Nov  2 18:48:33.293965 xenconsoled: Network (1): network-slave: -X FORWARD_vif6.0_IN
Nov  2 18:48:33.297462 xenconsoled: Network (1): network-slave: Configure vif6.0 before joining it to brbridged
Nov  2 18:48:33.304306 xenconsoled: sfsafs-dm (6): [    0.130039] xenbus_probe_frontend: Device with no driver: device/vfb/0
Nov  2 18:48:33.304314 xenconsoled: sfsafs-dm (6): [    0.130059] xenbus_probe_frontend: Device with no driver: device/vkbd/0
Nov  2 18:48:33.304507 xenconsoled: sfsafs-dm (6): [    0.130254] Freeing unused kernel memory: 300K (c1477000 - c14c2000)
Nov  2 18:48:33.305486 xenconsoled: sfsafs-dm (6): [    0.131233] Write protecting the kernel text: 2896k
Nov  2 18:48:33.305943 xenconsoled: sfsafs-dm (6): [    0.131690] Write protecting the kernel read-only data: 1308k
Nov  2 18:48:33.305950 xenconsoled: sfsafs-dm (6): [    0.131706] NX-protecting the kernel data: 3248k
Nov  2 18:48:33.311519 xenconsoled: sfsafs-dm (6): [    0.137263] v4v: loading out-of-tree module taints kernel.
Nov  2 18:48:33.311778 xenconsoled: sfsafs-dm (6): [    0.137534] Xen V4V device installed.
Nov  2 18:48:33.319610 rpc-proxy: incoming connection from domain 1, port 0xe6b5db03, fd is 10
Nov  2 18:48:33.319945 rpc-proxy: null byte received from incoming transport - setting up conversation
Nov  2 18:48:33.320139 rpc-proxy: authenticating client <v4v: 10> ArtefactSource {sourceDomainID = 1, sourceUuid = Just 00000000-0000-0000-0000-000000000002, sourceIsStubdom = False}
Nov  2 18:48:33.320155 rpc-proxy: auth: null byte sent to server
Nov  2 18:48:33.320570 rpc-proxy: auth done for <v4v: 10>
Nov  2 18:48:33.320589 rpc-proxy: starting forwarding <v4v: 10> -> <socket: 17>
Nov  2 18:48:33.320877 rpc-proxy: starting forwarding <socket: 17> -> <v4v: 10>
Nov  2 18:48:33.322213 rpc-proxy: assuming (00000000-0000-0000-0000-000000000002,domstore-read-access) = True
Nov  2 18:48:33.323346 rpc-proxy: assuming (00000000-0000-0000-0000-000000000002,domstore-write-access) = True
Nov  2 18:48:33.324129 rpc-proxy: assuming (00000000-0000-0000-0000-000000000002,usb-control) = False
Nov  2 18:48:33.325098 rpc-proxy: assuming (00000000-0000-0000-0000-000000000002,type) = "ndvm"
Nov  2 18:48:33.327731 rpc-proxy: <v4v: 10>: end of stream reached on <v4v: 10>
Nov  2 18:48:33.327744 rpc-proxy: stopping forwarding <v4v: 10> -> <socket: 17>
Nov  2 18:48:33.327797 rpc-proxy: <socket: 17>: end of stream reached on <socket: 17>
Nov  2 18:48:33.327809 rpc-proxy: stopping forwarding <socket: 17> -> <v4v: 10>
Nov  2 18:48:33.328762 xenconsoled: Network (1): network-slave: -N FORWARD_vif6.0_IN
Nov  2 18:48:33.332557 xenconsoled: Network (1): network-slave: -F FORWARD_vif6.0_IN
Nov  2 18:48:33.336145 xenconsoled: Network (1): network-slave: -N FORWARD_vif6.0_OUT
Nov  2 18:48:33.340298 xenconsoled: Network (1): network-slave: -F FORWARD_vif6.0_OUT
Nov  2 18:48:33.345873 xenconsoled: Network (1): network-slave: iptables  -I FORWARD_brbridged -o brbridged -m physdev --physdev-is-bridged --physdev-out vif6.0 -j FORWARD_vif6.0_IN
Nov  2 18:48:33.350051 xenconsoled: Network (1): network-slave: iptables  -I FORWARD -i brbridged -m physdev --physdev-in vif6.0 -j FORWARD_vif6.0_OUT
Nov  2 18:48:33.359455 rpc-proxy: incoming connection from domain 1, port 0x90495d2c, fd is 10
Nov  2 18:48:33.359780 rpc-proxy: null byte received from incoming transport - setting up conversation
Nov  2 18:48:33.359946 rpc-proxy: authenticating client <v4v: 10> ArtefactSource {sourceDomainID = 1, sourceUuid = Just 00000000-0000-0000-0000-000000000002, sourceIsStubdom = False}
Nov  2 18:48:33.359964 rpc-proxy: auth: null byte sent to server
Nov  2 18:48:33.360310 rpc-proxy: auth done for <v4v: 10>
Nov  2 18:48:33.360337 rpc-proxy: starting forwarding <v4v: 10> -> <socket: 17>
Nov  2 18:48:33.360634 rpc-proxy: starting forwarding <socket: 17> -> <v4v: 10>
Nov  2 18:48:33.361792 rpc-proxy: assuming (00000000-0000-0000-0000-000000000002,domstore-read-access) = True
Nov  2 18:48:33.362764 rpc-proxy: assuming (00000000-0000-0000-0000-000000000002,domstore-write-access) = True
Nov  2 18:48:33.363530 rpc-proxy: assuming (00000000-0000-0000-0000-000000000002,usb-control) = False
Nov  2 18:48:33.364545 rpc-proxy: assuming (00000000-0000-0000-0000-000000000002,type) = "ndvm"
Nov  2 18:48:33.364774 xenconsoled: sfsafs-dm (6): No agent specified. Starting qemu directly.
Nov  2 18:48:33.367177 xenconsoled: sfsafs-dm (6): Invoking qemu with QEMU_CMDLINE = -xen-domid 5 -qmp v4v -device xenmou -xen-acpi-pm -nodefaults -no-user-config -name qemu-5.0 -display surfman -device VGA,vgamem_mb=16 -boot cd -soundhw ac97 -smp 2,maxcpus=2 -device e1000,id=vif0,netdev=net0,mac=b2:bc:c5:3c:91:ee -netdev type=tap,id=net0,ifname=vif5.0-emu,script=/etc/qemu/qemu-ifup,downscript=/etc/qemu/qemu-ifup -device e1000,id=vwif1,netdev=net1,mac=32:ee:c6:62:94:34 -netdev type=tap,id=net1,ifname=vif5.1-emu,script=/etc/qemu/qemu-ifup,downscript=/etc/qemu/qemu-ifup -machine xenfv,max-ram-below-4g=4026531840 -m 2032 -drive if=ide,index=2,readonly=on,media=cdrom,id=ide-5632,file=/dev/xvdc,format=file -drive file=/dev/xvda,if=ide,index=0,media=disk,format=raw,cache=writeback -drive file=atapi-pt-v4v:/dev/bsg/1:0:0:0,if=atapi-pt,media=cdrom,format=atapi-pt-fmt
Nov  2 18:48:33.367186 rpc-proxy: <v4v: 10>: end of stream reached on <v4v: 10>
Nov  2 18:48:33.367198 rpc-proxy: stopping forwarding <v4v: 10> -> <socket: 17>
Nov  2 18:48:33.367278 rpc-proxy: <socket: 17>: end of stream reached on <socket: 17>
Nov  2 18:48:33.367291 rpc-proxy: stopping forwarding <socket: 17> -> <v4v: 10>
Nov  2 18:48:33.367939 xenconsoled: Network (1): network-slave: Joining vif6.0 to brbridged
Nov  2 18:48:33.375598 xenconsoled: sfsafs-dm (6): config qemu network with xen bridge for  vif5.0-emu
Nov  2 18:48:33.375676 xenconsoled: sfsafs-dm (6): creating bridge stubdombr0
Nov  2 18:48:33.376189 xenconsoled: Network (1): [  449.012813] brbridged: port 3(vif6.0) entered blocking state
Nov  2 18:48:33.376198 xenconsoled: Network (1): [  449.012823] brbridged: port 3(vif6.0) entered disabled state
Nov  2 18:48:33.376229 xenconsoled: Network (1): [  449.012871] device vif6.0 entered promiscuous mode
Nov  2 18:48:33.380000 xenconsoled: Network (1): [  449.016621] brbridged: port 3(vif6.0) entered blocking state
Nov  2 18:48:33.380020 xenconsoled: Network (1): [  449.016630] brbridged: port 3(vif6.0) entered forwarding state
Nov  2 18:48:33.380585 xenconsoled: Network (1): network-slave: Move vif vif6.0 to brbridged network successful
Nov  2 18:48:33.380606 xenconsoled: Network (1): network-slave: moveInterfaceToNetwork /wired/0/bridged tap6.0 Just (NetworkInfo {nwIndex = 0, nwInterface = "eth0", nwBridge = "brbridged"})
Nov  2 18:48:33.380612 xenconsoled: Network (1): network-slave: Move vif to network - Ignoring tap6.0
Nov  2 18:48:33.383480 xenconsoled: Network (1): kernel: [  449.012813] brbridged: port 3(vif6.0) entered blocking state
Nov  2 18:48:33.383490 xenconsoled: Network (1): kernel: [  449.012823] brbridged: port 3(vif6.0) entered disabled state
Nov  2 18:48:33.383497 xenconsoled: Network (1): kernel: [  449.012871] device vif6.0 entered promiscuous mode
Nov  2 18:48:33.383502 xenconsoled: Network (1): kernel: [  449.016621] brbridged: port 3(vif6.0) entered blocking state
Nov  2 18:48:33.383508 xenconsoled: Network (1): kernel: [  449.016630] brbridged: port 3(vif6.0) entered forwarding state
Nov  2 18:48:33.384562 xenconsoled: sfsafs-dm (6): Adding eth0 and vif5.0-emu to stubdombr0
Nov  2 18:48:33.385638 xenconsoled: sfsafs-dm (6): [    0.211395] stubdombr0: port 1(eth0) entered blocking state
Nov  2 18:48:33.385648 xenconsoled: sfsafs-dm (6): [    0.211405] stubdombr0: port 1(eth0) entered disabled state
Nov  2 18:48:33.385888 xenconsoled: sfsafs-dm (6): [    0.211639] device eth0 entered promiscuous mode
Nov  2 18:48:33.388327 xenconsoled: sfsafs-dm (6): [    0.214073] stubdombr0: port 2(vif5.0-emu) entered blocking state
Nov  2 18:48:33.388338 xenconsoled: sfsafs-dm (6): [    0.214084] stubdombr0: port 2(vif5.0-emu) entered disabled state
Nov  2 18:48:33.388355 xenconsoled: sfsafs-dm (6): [    0.214118] device vif5.0-emu entered promiscuous mode
Nov  2 18:48:33.390908 xenconsoled: sfsafs-dm (6): [    0.216665] stubdombr0: port 2(vif5.0-emu) entered blocking state
Nov  2 18:48:33.390916 xenconsoled: sfsafs-dm (6): [    0.216676] stubdombr0: port 2(vif5.0-emu) entered forwarding state
Nov  2 18:48:33.390931 xenconsoled: sfsafs-dm (6): [    0.216688] stubdombr0: port 1(eth0) entered blocking state
Nov  2 18:48:33.390935 xenconsoled: sfsafs-dm (6): [    0.216697] stubdombr0: port 1(eth0) entered forwarding state
Nov  2 18:48:33.393962 xenconsoled: sfsafs-dm (6): config qemu network with xen bridge for  vif5.1-emu
Nov  2 18:48:33.394034 xenconsoled: sfsafs-dm (6): creating bridge stubdombr1
Nov  2 18:48:33.399051 xenconsoled: sfsafs-dm (6): rsyslogd: [origin software="rsyslogd" swVersion="7.6.1" x-pid="68" x-info="http://www.rsyslog.com"] start
Nov  2 18:48:33.399072 xenconsoled: sfsafs-dm (6): rsyslogd-3003: ID for user 'root' could not be found or error [try http://www.rsyslog.com/e/3003 ]
Nov  2 18:48:33.399078 xenconsoled: sfsafs-dm (6): rsyslogd-3003: Query for group 'root' resulted in an error: No such file or directory  [try http://www.rsyslog.com/e/3003 ]
Nov  2 18:48:33.399192 xenconsoled: sfsafs-dm (6): kernel: [    0.000000] Reserving virtual address space above 0xf5800000 (rounded to 0xf5800000)
Nov  2 18:48:33.399211 xenconsoled: sfsafs-dm (6): kernel: [    0.000000] Linux version 4.9.40 (build@openxt2-oe) (gcc version 5.2.0 (GCC) ) #1 Mon Oct 23 22:18:29 EDT 2017
Nov  2 18:48:33.399216 xenconsoled: sfsafs-dm (6): kernel: [    0.000000] KERNEL supported cpus:
Nov  2 18:48:33.399222 xenconsoled: sfsafs-dm (6): kernel: [    0.000000] CPU: vendor_id 'GenuineIntel' unknown, using generic init.
Nov  2 18:48:33.399244 xenconsoled: sfsafs-dm (6): kernel: [    0.000000] CPU: Your system may be unstable.
Nov  2 18:48:33.399263 xenconsoled: sfsafs-dm (6): kernel: [    0.000000] x86/fpu: Supporting XSAVE feature 0x001: 'x87 floating point registers'
Nov  2 18:48:33.399278 xenconsoled: sfsafs-dm (6): kernel: [    0.000000] x86/fpu: Supporting XSAVE feature 0x002: 'SSE registers'
Nov  2 18:48:33.399284 xenconsoled: sfsafs-dm (6): kernel: [    0.000000] x86/fpu: Supporting XSAVE feature 0x004: 'AVX registers'
Nov  2 18:48:33.399289 xenconsoled: sfsafs-dm (6): kernel: [    0.000000] x86/fpu: xstate_offset[2]:  576, xstate_sizes[2]:  256
Nov  2 18:48:33.399295 xenconsoled: sfsafs-dm (6): kernel: [    0.000000] x86/fpu: Enabled xstate features 0x7, context size is 832 bytes, using 'standard' format.
Nov  2 18:48:33.399301 xenconsoled: sfsafs-dm (6): kernel: [    0.000000] x86/fpu: Using 'eager' FPU context switches.
Nov  2 18:48:33.399306 xenconsoled: sfsafs-dm (6): kernel: [    0.000000] Released 0 page(s)
Nov  2 18:48:33.399312 xenconsoled: sfsafs-dm (6): kernel: [    0.000000] e820: BIOS-provided physical RAM map:
Nov  2 18:48:33.399317 xenconsoled: sfsafs-dm (6): kernel: [    0.000000] Xen: [mem 0x0000000000000000-0x000000000009ffff] usable
Nov  2 18:48:33.399322 xenconsoled: sfsafs-dm (6): kernel: [    0.000000] Xen: [mem 0x00000000000a0000-0x00000000000fffff] reserved
Nov  2 18:48:33.399328 xenconsoled: sfsafs-dm (6): kernel: [    0.000000] Xen: [mem 0x0000000000100000-0x0000000008ffefff] usable
Nov  2 18:48:33.399338 xenconsoled: sfsafs-dm (6): kernel: [    0.000000] NX (Execute Disable) protection: active
Nov  2 18:48:33.399362 xenconsoled: sfsafs-dm (6): kernel: [    0.000000] Hypervisor detected: Xen
Nov  2 18:48:33.399368 xenconsoled: sfsafs-dm (6): kernel: [    0.000000] e820: update [mem 0x00000000-0x00000fff] usable ==> reserved
Nov  2 18:48:33.399373 xenconsoled: sfsafs-dm (6): kernel: [    0.000000] e820: remove [mem 0x000a0000-0x000fffff] usable
Nov  2 18:48:33.399379 xenconsoled: sfsafs-dm (6): kernel: [    0.000000] e820: last_pfn = 0x8fff max_arch_pfn = 0x1000000
Nov  2 18:48:33.399384 xenconsoled: sfsafs-dm (6): kernel: [    0.000000] MTRR: Disabled
Nov  2 18:48:33.399390 xenconsoled: sfsafs-dm (6): kernel: [    0.000000] x86/PAT: MTRRs disabled, skipping PAT initialization too.
Nov  2 18:48:33.399395 xenconsoled: sfsafs-dm (6): kernel: [    0.000000] x86/PAT: Configuration [0-7]: WB  WT  UC- UC  WC  WP  UC  UC  
Nov  2 18:48:33.399401 xenconsoled: sfsafs-dm (6): kernel: [    0.000000] initial memory mapped: [mem 0x00000000-0x01ffefff]
Nov  2 18:48:33.399412 xenconsoled: sfsafs-dm (6): kernel: [    0.000000] Base memory trampoline at [c009c000] 9c000 size 16384
Nov  2 18:48:33.399417 xenconsoled: sfsafs-dm (6): kernel: [    0.000000] BRK [0x0150c000, 0x0150cfff] PGTABLE
Nov  2 18:48:33.399422 xenconsoled: sfsafs-dm (6): kernel: [    0.000000] BRK [0x0150d000, 0x0150dfff] PGTABLE
Nov  2 18:48:33.399428 xenconsoled: sfsafs-dm (6): kernel: [    0.000000] BRK [0x0150e000, 0x0150efff] PGTABLE
Nov  2 18:48:33.399433 xenconsoled: sfsafs-dm (6): kernel: [    0.000000] BRK [0x0150f000, 0x0150ffff] PGTABLE
Nov  2 18:48:33.399439 xenconsoled: sfsafs-dm (6): kernel: [    0.000000] RAMDISK: [mem 0x01800000-0x02af4fff]
Nov  2 18:48:33.399444 xenconsoled: sfsafs-dm (6): kernel: [    0.000000] 0MB HIGHMEM available.
Nov  2 18:48:33.399449 xenconsoled: sfsafs-dm (6): kernel: [    0.000000] 143MB LOWMEM available.
Nov  2 18:48:33.399455 xenconsoled: sfsafs-dm (6): kernel: [    0.000000]   mapped low ram: 0 - 08fff000
Nov  2 18:48:33.399460 xenconsoled: sfsafs-dm (6): kernel: [    0.000000]   low ram: 0 - 08fff000
Nov  2 18:48:33.399471 xenconsoled: sfsafs-dm (6): kernel: [    0.000000] Zone ranges:
Nov  2 18:48:33.399476 xenconsoled: sfsafs-dm (6): kernel: [    0.000000]   DMA      [mem 0x0000000000001000-0x0000000000ffffff]
Nov  2 18:48:33.399486 xenconsoled: sfsafs-dm (6): kernel: [    0.000000]   Normal   [mem 0x0000000001000000-0x0000000008ffefff]
Nov  2 18:48:33.399496 xenconsoled: sfsafs-dm (6): kernel: [    0.000000]   HighMem  empty
Nov  2 18:48:33.399501 xenconsoled: sfsafs-dm (6): kernel: [    0.000000] Movable zone start for each node
Nov  2 18:48:33.399507 xenconsoled: sfsafs-dm (6): kernel: [    0.000000] Early memory node ranges
Nov  2 18:48:33.399512 xenconsoled: sfsafs-dm (6): kernel: [    0.000000]   node   0: [mem 0x0000000000001000-0x000000000009ffff]
Nov  2 18:48:33.399517 xenconsoled: sfsafs-dm (6): kernel: [    0.000000]   node   0: [mem 0x0000000000100000-0x0000000008ffefff]
Nov  2 18:48:33.399528 xenconsoled: sfsafs-dm (6): kernel: [    0.000000] Initmem setup node 0 [mem 0x0000000000001000-0x0000000008ffefff]
Nov  2 18:48:33.399533 xenconsoled: sfsafs-dm (6): kernel: [    0.000000] On node 0 totalpages: 36766
Nov  2 18:48:33.399538 xenconsoled: sfsafs-dm (6): kernel: [    0.000000] free_area_init_node: node 0, pgdat c146af60, node_mem_map c8caa020
Nov  2 18:48:33.399543 xenconsoled: sfsafs-dm (6): kernel: [    0.000000]   DMA zone: 32 pages used for memmap
Nov  2 18:48:33.399572 xenconsoled: sfsafs-dm (6): kernel: [    0.000000]   DMA zone: 0 pages reserved
Nov  2 18:48:33.399581 xenconsoled: sfsafs-dm (6): kernel: [    0.000000]   DMA zone: 3999 pages, LIFO batch:0
Nov  2 18:48:33.399586 xenconsoled: sfsafs-dm (6): kernel: [    0.000000]   Normal zone: 256 pages used for memmap
Nov  2 18:48:33.399591 xenconsoled: sfsafs-dm (6): kernel: [    0.000000]   Normal zone: 32767 pages, LIFO batch:7
Nov  2 18:48:33.399596 xenconsoled: sfsafs-dm (6): kernel: [    0.000000] p2m virtual area at c9800000, size is 400000
Nov  2 18:48:33.399602 xenconsoled: sfsafs-dm (6): kernel: [    0.000000] BRK [0x01510000, 0x01510fff] PGTABLE
Nov  2 18:48:33.399607 xenconsoled: sfsafs-dm (6): kernel: [    0.000000] BRK [0x01511000, 0x01511fff] PGTABLE
Nov  2 18:48:33.399612 xenconsoled: sfsafs-dm (6): kernel: [    0.000000] Remapped 0 page(s)
Nov  2 18:48:33.399618 xenconsoled: sfsafs-dm (6): kernel: [    0.000000] Using APIC driver Xen PV
Nov  2 18:48:33.399623 xenconsoled: sfsafs-dm (6): kernel: [    0.000000] No local APIC present or hardware disabled
Nov  2 18:48:33.399628 xenconsoled: sfsafs-dm (6): kernel: [    0.000000] APIC: disable apic facility
Nov  2 18:48:33.399634 xenconsoled: sfsafs-dm (6): kernel: [    0.000000] APIC: switched to apic NOOP
Nov  2 18:48:33.399639 xenconsoled: sfsafs-dm (6): kernel: [    0.000000] ------------[ cut here ]------------
Nov  2 18:48:33.399662 xenconsoled: sfsafs-dm (6): kernel: [    0.000000] WARNING: CPU: 0 PID: 0 at /home/build/1221/openxt/build/tmp-glibc/work-shared/xenclient-stubdomain/kernel-source/arch/x86/kernel/apic/apic_noop.c:102 noop_apic_read+0x39/0x40
Nov  2 18:48:33.399667 xenconsoled: sfsafs-dm (6): kernel: [    0.000000] Modules linked in:
Nov  2 18:48:33.399673 xenconsoled: sfsafs-dm (6): kernel: [    0.000000] CPU: 0 PID: 0 Comm: swapper Not tainted 4.9.40 #1
Nov  2 18:48:33.399678 xenconsoled: sfsafs-dm (6): kernel: [    0.000000]  c141df24 c11a4009 c141df3c c103a90d 00000066 00000000 c2af5000 00000000
Nov  2 18:48:33.399684 xenconsoled: sfsafs-dm (6): kernel: [    0.000000]  c141df50 c103a9e1 00000009 00000000 00000000 c141df58 c1027269 c141df60
Nov  2 18:48:33.399689 xenconsoled: sfsafs-dm (6): kernel: [    0.000000]  c14866b0 c141df9c c147f60a c141dfec a759a65e 0000012f c141df94 02af5000
Nov  2 18:48:33.399694 xenconsoled: sfsafs-dm (6): kernel: [    0.000000] Call Trace:
Nov  2 18:48:33.399700 xenconsoled: sfsafs-dm (6): kernel: [    0.000000]  [<c11a4009>] dump_stack+0x16/0x1d
Nov  2 18:48:33.399705 xenconsoled: sfsafs-dm (6): kernel: [    0.000000]  [<c103a90d>] __warn+0xad/0xd0
Nov  2 18:48:33.399710 xenconsoled: sfsafs-dm (6): kernel: [    0.000000]  [<c103a9e1>] warn_slowpath_null+0x11/0x20
Nov  2 18:48:33.399715 xenconsoled: sfsafs-dm (6): kernel: [    0.000000]  [<c1027269>] noop_apic_read+0x39/0x40
Nov  2 18:48:33.399721 xenconsoled: sfsafs-dm (6): kernel: [    0.000000]  [<c14866b0>] init_apic_mappings+0xda/0x129
Nov  2 18:48:33.399738 xenconsoled: sfsafs-dm (6): kernel: [    0.000000]  [<c147f60a>] setup_arch+0x97e/0x9b6
Nov  2 18:48:33.399755 xenconsoled: sfsafs-dm (6): kernel: [    0.000000]  [<c14778aa>] start_kernel+0x94/0x3a2
Nov  2 18:48:33.399761 xenconsoled: sfsafs-dm (6): kernel: [    0.000000]  [<c14772f7>] i386_start_kernel+0x9b/0x9f
Nov  2 18:48:33.399767 xenconsoled: sfsafs-dm (6): kernel: [    0.000000]  [<c147ac19>] xen_start_kernel+0x486/0x48e
Nov  2 18:48:33.399772 xenconsoled: sfsafs-dm (6): kernel: [    0.000000] ---[ end trace 5f6bd9c456bdce45 ]---
Nov  2 18:48:33.399796 xenconsoled: sfsafs-dm (6): kernel: [    0.000000] e820: [mem 0x08fff000-0xffffffff] available for PCI devices
Nov  2 18:48:33.399801 xenconsoled: sfsafs-dm (6): kernel: [    0.000000] Booting paravirtualized kernel on Xen
Nov  2 18:48:33.399807 xenconsoled: sfsafs-dm (6): kernel: [    0.000000] Xen version: 4.9.0-xc (preserve-AD)
Nov  2 18:48:33.399812 xenconsoled: sfsafs-dm (6): kernel: [    0.000000] clocksource: refined-jiffies: mask: 0xffffffff max_cycles: 0xffffffff, max_idle_ns: 19112604462750000 ns
Nov  2 18:48:33.399818 xenconsoled: sfsafs-dm (6): kernel: [    0.000000] pcpu-alloc: s0 r0 d32768 u32768 alloc=1*32768
Nov  2 18:48:33.399823 xenconsoled: sfsafs-dm (6): kernel: [    0.000000] pcpu-alloc: [0] 0 
Nov  2 18:48:33.399840 xenconsoled: sfsafs-dm (6): kernel: [    0.000000] Built 1 zonelists in Zone order, mobility grouping on.  Total pages: 36478
Nov  2 18:48:33.399848 xenconsoled: sfsafs-dm (6): kernel: [    0.000000] Kernel command line:  openxt_qemu_args="-xen-domid 5 -qmp v4v -device xenmou -xen-acpi-pm -nodefaults -no-user-config -name qemu-5.0 -display surfman -device VGA,vgamem_mb=16 -boot cd -soundhw ac97 -smp 2,maxcpus=2 -device e1000,id=vif0,netdev=net0,mac=b2:bc:c5:3c:91:ee -netdev type=tap,id=net0,ifname=vif5.0-emu,script=/etc/qemu/qemu-ifup,downscript=/etc/qemu/qemu-ifup -device e1000,id=vwif1,netdev=net1,mac=32:ee:c6:62:94:34 -netdev type=tap,id=net1,ifname=vif5.1-emu,script=/etc/qemu/qemu-ifup,downscript=/etc/qemu/qemu-ifup -machine xenfv,max-ram-below-4g=4026531840 -m 2032 -drive if=ide,index=2,readonly=on,media=cdrom,id=ide-5632,file=/dev/xvdc,format=file -drive file=/dev/xvda,if=ide,index=0,media=disk,format=raw,cache=writeback -drive file=atapi-pt-v4v:/dev/bsg/1:0:0:0,if=atapi-pt,media=cdrom,format=atapi-pt-fmt"
Nov  2 18:48:33.399854 xenconsoled: sfsafs-dm (6): kernel: [    0.000000] PID hash table entries: 1024 (order: 0, 4096 bytes)
Nov  2 18:48:33.399874 xenconsoled: sfsafs-dm (6): kernel: [    0.000000] Dentry cache hash table entries: 32768 (order: 5, 131072 bytes)
Nov  2 18:48:33.399880 xenconsoled: sfsafs-dm (6): kernel: [    0.000000] Inode-cache hash table entries: 16384 (order: 4, 65536 bytes)
Nov  2 18:48:33.399899 xenconsoled: sfsafs-dm (6): kernel: [    0.000000] Initializing CPU#0
Nov  2 18:48:33.399915 xenconsoled: sfsafs-dm (6): kernel: [    0.000000] Initializing HighMem for node 0 (00000000:00000000)
Nov  2 18:48:33.399921 xenconsoled: sfsafs-dm (6): kernel: [    0.000000] Memory: 119516K/147064K available (2892K kernel code, 360K rwdata, 1304K rodata, 300K init, 272K bss, 27548K reserved, 0K cma-reserved, 0K highmem)
Nov  2 18:48:33.399926 xenconsoled: sfsafs-dm (6): kernel: [    0.000000] virtual kernel memory layout:
Nov  2 18:48:33.399950 xenconsoled: sfsafs-dm (6): kernel: [    0.000000]     fixmap  : 0xf57a3000 - 0xf57ff000   ( 368 kB)
Nov  2 18:48:33.399967 xenconsoled: sfsafs-dm (6): kernel: [    0.000000]     pkmap   : 0xf5400000 - 0xf5600000   (2048 kB)
Nov  2 18:48:33.399983 xenconsoled: sfsafs-dm (6): kernel: [    0.000000]     vmalloc : 0xc97ff000 - 0xf53fe000   ( 699 MB)
Nov  2 18:48:33.399999 xenconsoled: sfsafs-dm (6): kernel: [    0.000000]     lowmem  : 0xc0000000 - 0xc8fff000   ( 143 MB)
Nov  2 18:48:33.400016 xenconsoled: sfsafs-dm (6): kernel: [    0.000000]       .init : 0xc1477000 - 0xc14c2000   ( 300 kB)
Nov  2 18:48:33.400032 xenconsoled: sfsafs-dm (6): kernel: [    0.000000]       .data : 0xc12d35e4 - 0xc14750c0   (1670 kB)
Nov  2 18:48:33.400038 xenconsoled: sfsafs-dm (6): kernel: [    0.000000]       .text : 0xc1000000 - 0xc12d35e4   (2893 kB)
Nov  2 18:48:33.400044 xenconsoled: sfsafs-dm (6): kernel: [    0.000000] Using NULL legacy PIC
Nov  2 18:48:33.400059 xenconsoled: sfsafs-dm (6): kernel: [    0.000000] NR_IRQS:2304 nr_irqs:32 0
Nov  2 18:48:33.400075 xenconsoled: sfsafs-dm (6): kernel: [    0.000000] xen:events: Using FIFO-based ABI
Nov  2 18:48:33.400081 xenconsoled: sfsafs-dm (6): kernel: [    0.000000] CPU 0 irqstacks, hard=c8828000 soft=c882a000
Nov  2 18:48:33.400086 xenconsoled: sfsafs-dm (6): kernel: [    0.000000] console [hvc0] enabled
Nov  2 18:48:33.400092 xenconsoled: sfsafs-dm (6): kernel: [    0.000000] clocksource: xen: mask: 0xffffffffffffffff max_cycles: 0x1cd42e4dffb, max_idle_ns: 881590591483 ns
Nov  2 18:48:33.400112 xenconsoled: sfsafs-dm (6): kernel: [    0.000000] Xen: using vcpuop timer interface
Nov  2 18:48:33.400117 xenconsoled: sfsafs-dm (6): kernel: [    0.000000] installing Xen timer for CPU 0
Nov  2 18:48:33.400133 xenconsoled: sfsafs-dm (6): kernel: [    0.000000] tsc: Fast TSC calibration failed
Nov  2 18:48:33.400149 xenconsoled: sfsafs-dm (6): kernel: [    0.000000] tsc: Unable to calibrate against PIT
Nov  2 18:48:33.400160 xenconsoled: sfsafs-dm (6): kernel: [    0.000000] tsc: No reference (HPET/PMTIMER) available
Nov  2 18:48:33.400165 xenconsoled: sfsafs-dm (6): kernel: [    0.000000] tsc: Detected 2693.784 MHz processor
Nov  2 18:48:33.400175 xenconsoled: sfsafs-dm (6): kernel: [    0.020000] Calibrating delay loop (skipped), value calculated using timer frequency.. 5387.56 BogoMIPS (lpj=26937840)
Nov  2 18:48:33.400181 xenconsoled: sfsafs-dm (6): kernel: [    0.020000] pid_max: default: 32768 minimum: 301
Nov  2 18:48:33.400186 xenconsoled: sfsafs-dm (6): kernel: [    0.020000] Mount-cache hash table entries: 1024 (order: 0, 4096 bytes)
Nov  2 18:48:33.400202 xenconsoled: sfsafs-dm (6): kernel: [    0.020000] Mountpoint-cache hash table entries: 1024 (order: 0, 4096 bytes)
Nov  2 18:48:33.400218 xenconsoled: sfsafs-dm (6): kernel: [    0.020000] Last level iTLB entries: 4KB 0, 2MB 0, 4MB 0
Nov  2 18:48:33.400225 xenconsoled: sfsafs-dm (6): kernel: [    0.020000] Last level dTLB entries: 4KB 0, 2MB 0, 4MB 0, 1GB 0
Nov  2 18:48:33.400230 xenconsoled: sfsafs-dm (6): kernel: [    0.020000] CPU: GenuineIntel Intel(R) Core(TM) i7-4800MQ CPU @ 2.70GHz (family: 0x6, model: 0x3c, stepping: 0x3)
Nov  2 18:48:33.400236 xenconsoled: sfsafs-dm (6): kernel: [    0.020000] Performance Events: no PMU driver, software events only.
Nov  2 18:48:33.400241 xenconsoled: sfsafs-dm (6): kernel: [    0.020000] Switched APIC routing from noop to Xen PV.
Nov  2 18:48:33.400259 xenconsoled: sfsafs-dm (6): kernel: [    0.020000] ------------[ cut here ]------------
Nov  2 18:48:33.400284 xenconsoled: sfsafs-dm (6): kernel: [    0.020000] WARNING: CPU: 0 PID: 1 at /home/build/1221/openxt/build/tmp-glibc/work-shared/xenclient-stubdomain/kernel-source/arch/x86/xen/apic.c:82 xen_apic_write+0x1d/0x30
Nov  2 18:48:33.400289 xenconsoled: sfsafs-dm (6): kernel: [    0.020000] register: 80, value: 0
Nov  2 18:48:33.400295 xenconsoled: sfsafs-dm (6): kernel: [    0.020000] Modules linked in:
Nov  2 18:48:33.400301 xenconsoled: sfsafs-dm (6): kernel: [    0.020000] CPU: 0 PID: 1 Comm: swapper Tainted: G        W       4.9.40 #1
Nov  2 18:48:33.400306 xenconsoled: sfsafs-dm (6): kernel: [    0.020000]  c888fee8 c11a4009 c888ff00 c103a90d 00000052 000000ff 00000000 00000001
Nov  2 18:48:33.400312 xenconsoled: sfsafs-dm (6): kernel: [    0.020000]  c888ff20 c103a963 00000009 00000000 c888ff14 c13aaa91 c888ff34 29a7c263
Nov  2 18:48:33.400317 xenconsoled: sfsafs-dm (6): kernel: [    0.020000]  c888ff3c c100ee8d c13a48c0 00000052 c13aaa91 00000080 00000000 c888ff6c
Nov  2 18:48:33.400322 xenconsoled: sfsafs-dm (6): kernel: [    0.020000] Call Trace:
Nov  2 18:48:33.400327 xenconsoled: sfsafs-dm (6): kernel: [    0.020000]  [<c11a4009>] dump_stack+0x16/0x1d
Nov  2 18:48:33.400345 xenconsoled: sfsafs-dm (6): kernel: [    0.020000]  [<c103a90d>] __warn+0xad/0xd0
Nov  2 18:48:33.400351 xenconsoled: sfsafs-dm (6): kernel: [    0.020000]  [<c103a963>] warn_slowpath_fmt+0x33/0x50
Nov  2 18:48:33.400356 xenconsoled: sfsafs-dm (6): kernel: [    0.020000]  [<c100ee8d>] xen_apic_write+0x1d/0x30
Nov  2 18:48:33.400375 xenconsoled: sfsafs-dm (6): kernel: [    0.020000]  [<c10267d4>] setup_local_APIC+0x104/0x3a0
Nov  2 18:48:33.400381 xenconsoled: sfsafs-dm (6): kernel: [    0.020000]  [<c10cd1e9>] ? printk+0x11/0x13
Nov  2 18:48:33.400386 xenconsoled: sfsafs-dm (6): kernel: [    0.020000]  [<c148675f>] apic_bsp_setup+0x60/0x91
Nov  2 18:48:33.400396 xenconsoled: sfsafs-dm (6): kernel: [    0.020000]  [<c1486805>] APIC_init_uniprocessor+0x75/0x81
Nov  2 18:48:33.400402 xenconsoled: sfsafs-dm (6): kernel: [    0.020000]  [<c1486819>] up_late_init+0x8/0xa
Nov  2 18:48:33.400417 xenconsoled: sfsafs-dm (6): kernel: [    0.020000]  [<c1477c0b>] kernel_init_freeable+0x53/0x157
Nov  2 18:48:33.400434 xenconsoled: sfsafs-dm (6): kernel: [    0.020000]  [<c12cbed0>] ? rest_init+0x60/0x60
Nov  2 18:48:33.400440 xenconsoled: sfsafs-dm (6): kernel: [    0.020000]  [<c12cbed8>] kernel_init+0x8/0xe0
Nov  2 18:48:33.400445 xenconsoled: sfsafs-dm (6): kernel: [    0.020000]  [<c12d1a83>] ret_from_fork+0x1b/0x28
Nov  2 18:48:33.400465 xenconsoled: sfsafs-dm (6): kernel: [    0.020000] ---[ end trace 5f6bd9c456bdce46 ]---
Nov  2 18:48:33.400471 xenconsoled: sfsafs-dm (6): kernel: [    0.020000] ------------[ cut here ]------------
Nov  2 18:48:33.400476 xenconsoled: sfsafs-dm (6): kernel: [    0.020000] WARNING: CPU: 0 PID: 1 at /home/build/1221/openxt/build/tmp-glibc/work-shared/xenclient-stubdomain/kernel-source/arch/x86/xen/apic.c:82 xen_apic_write+0x1d/0x30
Nov  2 18:48:33.400482 xenconsoled: sfsafs-dm (6): kernel: [    0.020000] register: f0, value: 1ff
Nov  2 18:48:33.400487 xenconsoled: sfsafs-dm (6): kernel: [    0.020000] Modules linked in:
Nov  2 18:48:33.400492 xenconsoled: sfsafs-dm (6): kernel: [    0.020000] CPU: 0 PID: 1 Comm: swapper Tainted: G        W       4.9.40 #1
Nov  2 18:48:33.400516 xenconsoled: sfsafs-dm (6): kernel: [    0.020000]  c888fee8 c11a4009 c888ff00 c103a90d 00000052 ffffffff 00000000 00000001
Nov  2 18:48:33.400522 xenconsoled: sfsafs-dm (6): kernel: [    0.020000]  c888ff20 c103a963 00000009 00000000 c888ff14 c13aaa91 c888ff34 29a7c263
Nov  2 18:48:33.400527 xenconsoled: sfsafs-dm (6): kernel: [    0.020000]  c888ff3c c100ee8d c13a48c0 00000052 c13aaa91 000000f0 000001ff c888ff6c
Nov  2 18:48:33.400533 xenconsoled: sfsafs-dm (6): kernel: [    0.020000] Call Trace:
Nov  2 18:48:33.400550 xenconsoled: sfsafs-dm (6): kernel: [    0.020000]  [<c11a4009>] dump_stack+0x16/0x1d
Nov  2 18:48:33.400561 xenconsoled: sfsafs-dm (6): kernel: [    0.020000]  [<c103a90d>] __warn+0xad/0xd0
Nov  2 18:48:33.400567 xenconsoled: sfsafs-dm (6): kernel: [    0.020000]  [<c103a963>] warn_slowpath_fmt+0x33/0x50
Nov  2 18:48:33.400572 xenconsoled: sfsafs-dm (6): kernel: [    0.020000]  [<c100ee8d>] xen_apic_write+0x1d/0x30
Nov  2 18:48:33.400577 xenconsoled: sfsafs-dm (6): kernel: [    0.020000]  [<c10268ae>] setup_local_APIC+0x1de/0x3a0
Nov  2 18:48:33.400599 xenconsoled: sfsafs-dm (6): kernel: [    0.020000]  [<c148675f>] apic_bsp_setup+0x60/0x91
Nov  2 18:48:33.400605 xenconsoled: sfsafs-dm (6): kernel: [    0.020000]  [<c1486805>] APIC_init_uniprocessor+0x75/0x81
Nov  2 18:48:33.400610 xenconsoled: sfsafs-dm (6): kernel: [    0.020000]  [<c1486819>] up_late_init+0x8/0xa
Nov  2 18:48:33.400615 xenconsoled: sfsafs-dm (6): kernel: [    0.020000]  [<c1477c0b>] kernel_init_freeable+0x53/0x157
Nov  2 18:48:33.400620 xenconsoled: sfsafs-dm (6): kernel: [    0.020000]  [<c12cbed0>] ? rest_init+0x60/0x60
Nov  2 18:48:33.400626 xenconsoled: sfsafs-dm (6): kernel: [    0.020000]  [<c12cbed8>] kernel_init+0x8/0xe0
Nov  2 18:48:33.400631 xenconsoled: sfsafs-dm (6): kernel: [    0.020000]  [<c12d1a83>] ret_from_fork+0x1b/0x28
Nov  2 18:48:33.400636 xenconsoled: sfsafs-dm (6): kernel: [    0.020000] ---[ end trace 5f6bd9c456bdce47 ]---
Nov  2 18:48:33.400642 xenconsoled: sfsafs-dm (6): kernel: [    0.020000] ------------[ cut here ]------------
Nov  2 18:48:33.400647 xenconsoled: sfsafs-dm (6): kernel: [    0.020000] WARNING: CPU: 0 PID: 1 at /home/build/1221/openxt/build/tmp-glibc/work-shared/xenclient-stubdomain/kernel-source/arch/x86/xen/apic.c:82 xen_apic_write+0x1d/0x30
Nov  2 18:48:33.400652 xenconsoled: sfsafs-dm (6): kernel: [    0.020000] register: 350, value: 700
Nov  2 18:48:33.400657 xenconsoled: sfsafs-dm (6): kernel: [    0.020000] Modules linked in:
Nov  2 18:48:33.400663 xenconsoled: sfsafs-dm (6): kernel: [    0.020000] CPU: 0 PID: 1 Comm: swapper Tainted: G        W       4.9.40 #1
Nov  2 18:48:33.400668 xenconsoled: sfsafs-dm (6): kernel: [    0.020000]  c888fee8 c11a4009 c888ff00 c103a90d 00000052 00010400 00000000 00000000
Nov  2 18:48:33.400673 xenconsoled: sfsafs-dm (6): kernel: [    0.020000]  c888ff20 c103a963 00000009 00000000 c888ff14 c13aaa91 c888ff34 29a7c263
Nov  2 18:48:33.400679 xenconsoled: sfsafs-dm (6): kernel: [    0.020000]  c888ff3c c100ee8d c13a48c0 00000052 c13aaa91 00000350 00000700 c888ff6c
Nov  2 18:48:33.400684 xenconsoled: sfsafs-dm (6): kernel: [    0.020000] Call Trace:
Nov  2 18:48:33.400689 xenconsoled: sfsafs-dm (6): kernel: [    0.020000]  [<c11a4009>] dump_stack+0x16/0x1d
Nov  2 18:48:33.400695 xenconsoled: sfsafs-dm (6): kernel: [    0.020000]  [<c103a90d>] __warn+0xad/0xd0
Nov  2 18:48:33.400705 xenconsoled: sfsafs-dm (6): kernel: [    0.020000]  [<c103a963>] warn_slowpath_fmt+0x33/0x50
Nov  2 18:48:33.400722 xenconsoled: Network (1): network-slave: moveInterfaceToNetwork /wifi/0/shared vif6.1 Just (NetworkInfo {nwIndex = 0, nwInterface = "wlan0", nwBridge = "brwireless"})
Nov  2 18:48:33.400745 xenconsoled: sfsafs-dm (6): kernel: [    0.020000]  [<c100ee8d>] xen_apic_write+0x1d/0x30
Nov  2 18:48:33.400750 xenconsoled: sfsafs-dm (6): kernel: [    0.020000]  [<c10269a5>] setup_local_APIC+0x2d5/0x3a0
Nov  2 18:48:33.400756 xenconsoled: sfsafs-dm (6): kernel: [    0.020000]  [<c148675f>] apic_bsp_setup+0x60/0x91
Nov  2 18:48:33.400761 xenconsoled: sfsafs-dm (6): kernel: [    0.020000]  [<c1486805>] APIC_init_uniprocessor+0x75/0x81
Nov  2 18:48:33.400766 xenconsoled: sfsafs-dm (6): kernel: [    0.020000]  [<c1486819>] up_late_init+0x8/0xa
Nov  2 18:48:33.400772 xenconsoled: sfsafs-dm (6): kernel: [    0.020000]  [<c1477c0b>] kernel_init_freeable+0x53/0x157
Nov  2 18:48:33.400777 xenconsoled: sfsafs-dm (6): kernel: [    0.020000]  [<c12cbed0>] ? rest_init+0x60/0x60
Nov  2 18:48:33.400782 xenconsoled: sfsafs-dm (6): kernel: [    0.020000]  [<c12cbed8>] kernel_init+0x8/0xe0
Nov  2 18:48:33.400788 xenconsoled: sfsafs-dm (6): kernel: [    0.020000]  [<c12d1a83>] ret_from_fork+0x1b/0x28
Nov  2 18:48:33.400793 xenconsoled: sfsafs-dm (6): kernel: [    0.020000] ---[ end trace 5f6bd9c456bdce48 ]---
Nov  2 18:48:33.400799 xenconsoled: sfsafs-dm (6): kernel: [    0.020000] ------------[ cut here ]------------
Nov  2 18:48:33.400804 xenconsoled: sfsafs-dm (6): kernel: [    0.020000] WARNING: CPU: 0 PID: 1 at /home/build/1221/openxt/build/tmp-glibc/work-shared/xenclient-stubdomain/kernel-source/arch/x86/xen/apic.c:82 xen_apic_write+0x1d/0x30
Nov  2 18:48:33.400810 xenconsoled: sfsafs-dm (6): kernel: [    0.020000] register: 360, value: 8400
Nov  2 18:48:33.400815 xenconsoled: sfsafs-dm (6): kernel: [    0.020000] Modules linked in:
Nov  2 18:48:33.400820 xenconsoled: sfsafs-dm (6): kernel: [    0.020000] CPU: 0 PID: 1 Comm: swapper Tainted: G        W       4.9.40 #1
Nov  2 18:48:33.400826 xenconsoled: sfsafs-dm (6): kernel: [    0.020000]  c888fee8 c11a4009 c888ff00 c103a90d 00000052 00008400 00000000 00000000
Nov  2 18:48:33.400831 xenconsoled: sfsafs-dm (6): kernel: [    0.020000]  c888ff20 c103a963 00000009 00000000 c888ff14 c13aaa91 c888ff34 29a7c263
Nov  2 18:48:33.400837 xenconsoled: sfsafs-dm (6): kernel: [    0.020000]  c888ff3c c100ee8d c13a48c0 00000052 c13aaa91 00000360 00008400 c888ff6c
Nov  2 18:48:33.400842 xenconsoled: sfsafs-dm (6): kernel: [    0.020000] Call Trace:
Nov  2 18:48:33.400847 xenconsoled: sfsafs-dm (6): kernel: [    0.020000]  [<c11a4009>] dump_stack+0x16/0x1d
Nov  2 18:48:33.400852 xenconsoled: sfsafs-dm (6): kernel: [    0.020000]  [<c103a90d>] __warn+0xad/0xd0
Nov  2 18:48:33.400857 xenconsoled: sfsafs-dm (6): kernel: [    0.020000]  [<c103a963>] warn_slowpath_fmt+0x33/0x50
Nov  2 18:48:33.400863 xenconsoled: sfsafs-dm (6): kernel: [    0.020000]  [<c100ee8d>] xen_apic_write+0x1d/0x30
Nov  2 18:48:33.400868 xenconsoled: sfsafs-dm (6): kernel: [    0.020000]  [<c10269dc>] setup_local_APIC+0x30c/0x3a0
Nov  2 18:48:33.400873 xenconsoled: sfsafs-dm (6): kernel: [    0.020000]  [<c148675f>] apic_bsp_setup+0x60/0x91
Nov  2 18:48:33.400878 xenconsoled: sfsafs-dm (6): kernel: [    0.020000]  [<c1486805>] APIC_init_uniprocessor+0x75/0x81
Nov  2 18:48:33.400883 xenconsoled: sfsafs-dm (6): kernel: [    0.020000]  [<c1486819>] up_late_init+0x8/0xa
Nov  2 18:48:33.400889 xenconsoled: sfsafs-dm (6): kernel: [    0.020000]  [<c1477c0b>] kernel_init_freeable+0x53/0x157
Nov  2 18:48:33.400894 xenconsoled: sfsafs-dm (6): kernel: [    0.020000]  [<c12cbed0>] ? rest_init+0x60/0x60
Nov  2 18:48:33.400899 xenconsoled: sfsafs-dm (6): kernel: [    0.020000]  [<c12cbed8>] kernel_init+0x8/0xe0
Nov  2 18:48:33.400931 xenconsoled: sfsafs-dm (6): kernel: [    0.020000]  [<c12d1a83>] ret_from_fork+0x1b/0x28
Nov  2 18:48:33.400936 xenconsoled: sfsafs-dm (6): kernel: [    0.020000] ---[ end trace 5f6bd9c456bdce49 ]---
Nov  2 18:48:33.400941 xenconsoled: sfsafs-dm (6): kernel: [    0.020000] No ESR for 82489DX.
Nov  2 18:48:33.400947 xenconsoled: sfsafs-dm (6): kernel: [    0.020000] ------------[ cut here ]------------
Nov  2 18:48:33.400952 xenconsoled: sfsafs-dm (6): kernel: [    0.020000] WARNING: CPU: 0 PID: 1 at /home/build/1221/openxt/build/tmp-glibc/work-shared/xenclient-stubdomain/kernel-source/arch/x86/xen/apic.c:82 xen_apic_write+0x1d/0x30
Nov  2 18:48:33.400958 xenconsoled: sfsafs-dm (6): kernel: [    0.020000] register: 320, value: 100ef
Nov  2 18:48:33.400963 xenconsoled: sfsafs-dm (6): kernel: [    0.020000] Modules linked in:
Nov  2 18:48:33.400969 xenconsoled: sfsafs-dm (6): kernel: [    0.020000] CPU: 0 PID: 1 Comm: swapper Tainted: G        W       4.9.40 #1
Nov  2 18:48:33.400974 xenconsoled: sfsafs-dm (6): kernel: [    0.020000]  c888ff0c c11a4009 c888ff24 c103a90d 00000052 00000000 00000000 c14cf260
Nov  2 18:48:33.400980 xenconsoled: sfsafs-dm (6): kernel: [    0.020000]  c888ff44 c103a963 00000009 00000000 c888ff38 c13aaa91 c888ff58 29a7c263
Nov  2 18:48:33.400985 xenconsoled: sfsafs-dm (6): kernel: [    0.020000]  c888ff60 c100ee8d c13a48c0 00000052 c13aaa91 00000320 000100ef c888ff6c
Nov  2 18:48:33.400990 xenconsoled: sfsafs-dm (6): kernel: [    0.020000] Call Trace:
Nov  2 18:48:33.400996 xenconsoled: sfsafs-dm (6): kernel: [    0.020000]  [<c11a4009>] dump_stack+0x16/0x1d
Nov  2 18:48:33.401001 xenconsoled: sfsafs-dm (6): kernel: [    0.020000]  [<c103a90d>] __warn+0xad/0xd0
Nov  2 18:48:33.401006 xenconsoled: sfsafs-dm (6): kernel: [    0.020000]  [<c103a963>] warn_slowpath_fmt+0x33/0x50
Nov  2 18:48:33.401011 xenconsoled: sfsafs-dm (6): kernel: [    0.020000]  [<c100ee8d>] xen_apic_write+0x1d/0x30
Nov  2 18:48:33.401016 xenconsoled: sfsafs-dm (6): kernel: [    0.020000]  [<c102595d>] end_local_APIC_setup+0x9d/0x140
Nov  2 18:48:33.401021 xenconsoled: sfsafs-dm (6): kernel: [    0.020000]  [<c1486779>] apic_bsp_setup+0x7a/0x91
Nov  2 18:48:33.401026 xenconsoled: sfsafs-dm (6): kernel: [    0.020000]  [<c1486805>] APIC_init_uniprocessor+0x75/0x81
Nov  2 18:48:33.401031 xenconsoled: sfsafs-dm (6): kernel: [    0.020000]  [<c1486819>] up_late_init+0x8/0xa
Nov  2 18:48:33.401036 xenconsoled: sfsafs-dm (6): kernel: [    0.020000]  [<c1477c0b>] kernel_init_freeable+0x53/0x157
Nov  2 18:48:33.401041 xenconsoled: sfsafs-dm (6): kernel: [    0.020000]  [<c12cbed0>] ? rest_init+0x60/0x60
Nov  2 18:48:33.401046 xenconsoled: sfsafs-dm (6): kernel: [    0.020000]  [<c12cbed8>] kernel_init+0x8/0xe0
Nov  2 18:48:33.401051 xenconsoled: sfsafs-dm (6): kernel: [    0.020000]  [<c12d1a83>] ret_from_fork+0x1b/0x28
Nov  2 18:48:33.401056 xenconsoled: sfsafs-dm (6): kernel: [    0.020000] ---[ end trace 5f6bd9c456bdce4a ]---
Nov  2 18:48:33.401062 xenconsoled: sfsafs-dm (6): kernel: [    0.020000] devtmpfs: initialized
Nov  2 18:48:33.401067 xenconsoled: sfsafs-dm (6): kernel: [    0.020000] clocksource: jiffies: mask: 0xffffffff max_cycles: 0xffffffff, max_idle_ns: 19112604462750000 ns
Nov  2 18:48:33.401073 xenconsoled: sfsafs-dm (6): kernel: [    0.020000] futex hash table entries: 256 (order: -1, 3072 bytes)
Nov  2 18:48:33.401078 xenconsoled: sfsafs-dm (6): kernel: [    0.020000] NET: Registered protocol family 16
Nov  2 18:48:33.401102 xenconsoled: sfsafs-dm (6): kernel: [    0.020000] xen:grant_table: Grant tables using version 1 layout
